Component: ARM Compiler 5.06 update 5 (build 528) Tool: armlink [4d35e2]

==============================================================================

Section Cross References

    main.o(.text) refers to app.o(.text) for App_Init
    system_stm32f10x.o(.text) refers to system_stm32f10x.o(.data) for .data
    led.o(.text) refers to stm32f10x_rcc.o(.text) for RCC_APB2PeriphClockCmd
    led.o(.text) refers to stm32f10x_gpio.o(.text) for GPIO_Init
    blu.o(.text) refers to stm32f10x_rcc.o(.text) for RCC_APB1PeriphClockCmd
    blu.o(.text) refers to stm32f10x_gpio.o(.text) for GPIO_Init
    blu.o(.text) refers to misc.o(.text) for NVIC_Init
    blu.o(.text) refers to stm32f10x_usart.o(.text) for USART_Init
    blu.o(.text) refers to rt_memclr.o(.text) for __aeabi_memclr
    blu.o(.text) refers to blu.o(.bss) for .bss
    oled.o(.text) refers to stm32f10x_gpio.o(.text) for GPIO_SetBits
    oled.o(.text) refers to stm32f10x_rcc.o(.text) for RCC_APB2PeriphClockCmd
    oled.o(.text) refers to delay.o(.text) for delay_ms
    oled.o(.text) refers to oled.o(.constdata) for .constdata
    dht11.o(.text) refers to stm32f10x_rcc.o(.text) for RCC_APB2PeriphClockCmd
    dht11.o(.text) refers to stm32f10x_gpio.o(.text) for GPIO_Init
    dht11.o(.text) refers to delay.o(.text) for delay_ms
    lock.o(.text) refers to stm32f10x_rcc.o(.text) for RCC_APB2PeriphClockCmd
    lock.o(.text) refers to stm32f10x_gpio.o(.text) for GPIO_Init
    lock.o(.text) refers to delay.o(.text) for delay_ms
    app.o(.text) refers to _printf_percent.o(.ARM.Collect$$_printf_percent$$00000000) for _printf_percent
    app.o(.text) refers to _printf_lld.o(.ARM.Collect$$_printf_percent$$0000000E) for _printf_lld
    app.o(.text) refers to _printf_longlong_dec.o(.text) for _printf_longlong_dec
    app.o(.text) refers to _printf_d.o(.ARM.Collect$$_printf_percent$$00000009) for _printf_d
    app.o(.text) refers to _printf_dec.o(.text) for _printf_int_dec
    app.o(.text) refers to _printf_s.o(.ARM.Collect$$_printf_percent$$00000014) for _printf_s
    app.o(.text) refers to _printf_str.o(.text) for _printf_str
    app.o(.text) refers to lock.o(.text) for LOCK_ON
    app.o(.text) refers to oled.o(.text) for OLED_Clear
    app.o(.text) refers to timer.o(.text) for Get_OS_Time
    app.o(.text) refers to lludivv7m.o(.text) for __aeabi_uldivmod
    app.o(.text) refers to noretval__2sprintf.o(.text) for __2sprintf
    app.o(.text) refers to key.o(.text) for Get_Key
    app.o(.text) refers to delay.o(.text) for delay_init
    app.o(.text) refers to misc.o(.text) for NVIC_PriorityGroupConfig
    app.o(.text) refers to usart.o(.text) for uart_init
    app.o(.text) refers to blu.o(.text) for blu_init
    app.o(.text) refers to dht11.o(.text) for DHT11_GPIO_Init
    app.o(.text) refers to noretval__2printf.o(.text) for __2printf
    app.o(.text) refers to rt_memclr_w.o(.text) for __aeabi_memclr4
    app.o(.text) refers to app.o(.data) for .data
    app.o(.text) refers to key.o(.bss) for btn1
    app.o(.text) refers to dht11.o(.data) for DHT11Data
    key.o(.text) refers to stm32f10x_gpio.o(.text) for GPIO_ReadInputDataBit
    key.o(.text) refers to stm32f10x_rcc.o(.text) for RCC_APB2PeriphClockCmd
    key.o(.text) refers to delay.o(.text) for delay_ms
    key.o(.text) refers to timer.o(.text) for Get_OS_Time
    key.o(.text) refers to rt_memclr_w.o(.text) for __aeabi_memclr4
    key.o(.text) refers to app.o(.data) for old_open_time
    key.o(.text) refers to key.o(.data) for .data
    timer.o(.text) refers to stm32f10x_rcc.o(.text) for RCC_APB2PeriphClockCmd
    timer.o(.text) refers to stm32f10x_tim.o(.text) for TIM_TimeBaseInit
    timer.o(.text) refers to misc.o(.text) for NVIC_Init
    timer.o(.text) refers to key.o(.text) for button_ticks
    timer.o(.text) refers to timer.o(.data) for .data
    delay.o(.text) refers to misc.o(.text) for SysTick_CLKSourceConfig
    delay.o(.text) refers to system_stm32f10x.o(.data) for SystemCoreClock
    delay.o(.text) refers to delay.o(.data) for .data
    usart.o(.text) refers (Special) to use_no_semi_2.o(.text) for __use_no_semihosting
    usart.o(.text) refers to stm32f10x_rcc.o(.text) for RCC_APB2PeriphClockCmd
    usart.o(.text) refers to stm32f10x_gpio.o(.text) for GPIO_Init
    usart.o(.text) refers to stm32f10x_usart.o(.text) for USART_Init
    usart.o(.text) refers to strcpy.o(.text) for strcpy
    usart.o(.text) refers to rt_memcpy_w.o(.text) for __aeabi_memcpy4
    usart.o(.text) refers to rt_memclr_w.o(.text) for __aeabi_memclr4
    usart.o(.text) refers to strcat.o(.text) for strcat
    usart.o(.text) refers to usart.o(.constdata) for .constdata
    usart.o(.constdata) refers (Special) to use_no_semi_2.o(.text) for __use_no_semihosting
    usart.o(.constdata) refers to usart.o(.conststring) for .conststring
    usart.o(.conststring) refers (Special) to use_no_semi_2.o(.text) for __use_no_semihosting
    usart.o(.data) refers (Special) to use_no_semi_2.o(.text) for __use_no_semihosting
[...]
    libshutdown.o(.ARM.Collect$$libshutdown$$00000000) refers (Special) to libshutdown2.o(.ARM.Collect$$libshutdown$$00000004) for __rt_lib_shutdown_stdio_1
    libshutdown.o(.ARM.Collect$$libshutdown$$00000000) refers (Special) to libshutdown2.o(.ARM.Collect$$libshutdown$$0000000C) for __rt_lib_shutdown_user_alloc_1
    sys_command.o(.text) refers (Special) to use_no_semi.o(.text) for __I$use$semihosting
    sys_command.o(.text) refers (Special) to indicate_semi.o(.text) for __semihosting_library_function
    defsig_abrt_inner.o(.text) refers to defsig_general.o(.text) for __default_signal_display
    defsig_rtred_inner.o(.text) refers to defsig_general.o(.text) for __default_signal_display
    defsig_rtmem_inner.o(.text) refers to defsig_general.o(.text) for __default_signal_display
    defsig_rtmem_outer.o(.text) refers to defsig_rtmem_inner.o(.text) for __rt_SIGRTMEM_inner
    defsig_rtmem_outer.o(.text) refers to defsig_exit.o(.text) for __sig_exit
    defsig_rtmem_formal.o(.text) refers to rt_raise.o(.text) for __rt_raise
    defsig_stak_inner.o(.text) refers to defsig_general.o(.text) for __default_signal_display
    defsig_pvfn_inner.o(.text) refers to defsig_general.o(.text) for __default_signal_display
    defsig_cppl_inner.o(.text) refers to defsig_general.o(.text) for __default_signal_display
    defsig_segv_inner.o(.text) refers to defsig_general.o(.text) for __default_signal_display
    defsig_other.o(.text) refers to defsig_general.o(.text) for __default_signal_display


==============================================================================

Removing Unused input sections from the image.

    Removing led.o(.text), (56 bytes).
    Removing oled.o(.data), (224 bytes).
    Removing sys.o(.emb_text), (6 bytes).
    Removing sys.o(.text), (12 bytes).
    Removing core_cm3.o(.emb_text), (32 bytes).

5 unused section(s) (total 330 bytes) removed from the image.

==============================================================================

Image Symbol Table

    Local Symbols

    Symbol Name                              Value     Ov Type        Size  Object(Section)

    ../clib/angel/boardlib.s                 0x00000000   Number         0  boardinit1.o ABSOLUTE
    ../clib/angel/boardlib.s                 0x00000000   Number         0  boardinit2.o ABSOLUTE
    ../clib/angel/boardlib.s                 0x00000000   Number         0  boardshut.o ABSOLUTE
    ../clib/angel/boardlib.s                 0x00000000   Number         0  boardinit3.o ABSOLUTE
    ../clib/angel/handlers.s                 0x00000000   Number         0  __scatter_copy.o ABSOLUTE
    ../clib/angel/handlers.s                 0x00000000   Number         0  __scatter_zi.o ABSOLUTE
    ../clib/angel/kernel.s                   0x00000000   Number         0  __rtentry4.o ABSOLUTE
    ../clib/angel/kernel.s                   0x00000000   Number         0  rtexit2.o ABSOLUTE
    ../clib/angel/kernel.s                   0x00000000   Number         0  __rtentry2.o ABSOLUTE
    ../clib/angel/kernel.s                   0x00000000   Number         0  __rtentry.o ABSOLUTE
    ../clib/angel/kernel.s                   0x00000000   Number         0  rtexit.o ABSOLUTE
    ../clib/angel/rt.s                       0x00000000   Number         0  rt_div0.o ABSOLUTE
    ../clib/angel/rt.s                       0x00000000   Number         0  aeabi_ldiv0_sigfpe.o ABSOLUTE
    ../clib/angel/rt.s                       0x00000000   Number         0  aeabi_ldiv0.o ABSOLUTE
    ../clib/angel/rt.s                       0x00000000   Number         0  rt_raise.o ABSOLUTE
    ../clib/angel/scatter.s                  0x00000000   Number         0  __scatter.o ABSOLUTE
    ../clib/angel/startup.s                  0x00000000   Number         0  __main.o ABSOLUTE
    ../clib/angel/sys.s                      0x00000000   Number         0  use_no_semi.o ABSOLUTE
    ../clib/angel/sys.s                      0x00000000   Number         0  libspace.o ABSOLUTE
    ../clib/angel/sys.s                      0x00000000   Number         0  use_no_semi_2.o ABSOLUTE
    ../clib/angel/sys.s                      0x00000000   Number         0  sys_stackheap_outer.o ABSOLUTE
    ../clib/angel/sys.s                      0x00000000   Number         0  indicate_semi.o ABSOLUTE
    ../clib/angel/sysapp.c                   0x00000000   Number         0  sys_command.o ABSOLUTE
    ../clib/angel/sysapp.c                   0x00000000   Number         0  sys_wrch.o ABSOLUTE
    ../clib/armsys.c                         0x00000000   Number         0  argv_veneer.o ABSOLUTE
    ../clib/armsys.c                         0x00000000   Number         0  argv_veneer.o ABSOLUTE
    ../clib/armsys.c                         0x00000000   Number         0  _get_argv_nomalloc.o ABSOLUTE
    ../clib/armsys.c                         0x00000000   Number         0  no_argv.o ABSOLUTE
    ../clib/heapalloc.c                      0x00000000   Number         0  hrguard.o ABSOLUTE
    ../clib/heapaux.c                        0x00000000   Number         0  heapauxi.o ABSOLUTE
    ../clib/libinit.s                        0x00000000   Number         0  libinit.o ABSOLUTE
    ../clib/libinit.s                        0x00000000   Number         0  libinit2.o ABSOLUTE
    ../clib/libinit.s                        0x00000000   Number         0  libshutdown.o ABSOLUTE
    ../clib/libinit.s                        0x00000000   Number         0  libshutdown2.o ABSOLUTE
    ../clib/longlong.s                       0x00000000   Number         0  lludiv10.o ABSOLUTE
    ../clib/longlong.s                       0x00000000   Number         0  lludivv7m.o ABSOLUTE
    ../clib/memcpset.s                       0x00000000   Number         0  rt_memcpy_w.o ABSOLUTE
    ../clib/memcpset.s                       0x00000000   Number         0  rt_memclr_w.o ABSOLUTE
    ../clib/memcpset.s                       0x00000000   Number         0  rt_memclr.o ABSOLUTE
    ../clib/misc.s                           0x00000000   Number         0  printf_stubs.o ABSOLUTE
    ../clib/printf.c                         0x00000000   Number         0  __printf.o ABSOLUTE
    ../clib/printf.c                         0x00000000   Number         0  _printf_str.o ABSOLUTE
    ../clib/printf.c                         0x00000000   Number         0  _printf_longlong_dec.o ABSOLUTE
    ../clib/printf.c                         0x00000000   Number         0  __printf_flags.o ABSOLUTE
    ../clib/printf.c                         0x00000000   Number         0  __printf_ss.o ABSOLUTE
    ../clib/printf.c                         0x00000000   Number         0  __printf_flags_ss.o ABSOLUTE
    ../clib/printf.c                         0x00000000   Number         0  __printf_wp.o ABSOLUTE
    ../clib/printf.c                         0x00000000   Number         0  _printf_char.o ABSOLUTE
    ../clib/printf.c                         0x00000000   Number         0  __printf_flags_wp.o ABSOLUTE
    ../clib/printf.c                         0x00000000   Number         0  __printf_ss_wp.o ABSOLUTE
    ../clib/printf.c                         0x00000000   Number         0  _sputc.o ABSOLUTE
    ../clib/printf.c                         0x00000000   Number         0  __printf_flags_ss_wp.o ABSOLUTE
    ../clib/printf.c                         0x00000000   Number         0  _printf_char_common.o ABSOLUTE
    ../clib/printf.c                         0x00000000   Number         0  _printf_intcommon.o ABSOLUTE
    ../clib/printf.c                         0x00000000   Number         0  _printf_dec.o ABSOLUTE
    ../clib/printf.c                         0x00000000   Number         0  _printf_char_file.o ABSOLUTE
    ../clib/printf.c                         0x00000000   Number         0  __printf_nopercent.o ABSOLUTE
    ../clib/printf.c                         0x00000000   Number         0  __2printf.o ABSOLUTE
    ../clib/printf.c                         0x00000000   Number         0  __2sprintf.o ABSOLUTE
    ../clib/printf.c                         0x00000000   Number         0  noretval__2printf.o ABSOLUTE
    ../clib/printf.c                         0x00000000   Number         0  noretval__2sprintf.o ABSOLUTE
    ../clib/printf_percent.s                 0x00000000   Number         0  _printf_percent.o ABSOLUTE
    ../clib/printf_percent.s                 0x00000000   Number         0  _printf_lld.o ABSOLUTE
    ../clib/printf_percent.s                 0x00000000   Number         0  _printf_d.o ABSOLUTE
    ../clib/printf_percent.s                 0x00000000   Number         0  _printf_s.o ABSOLUTE
    ../clib/printf_percent.s                 0x00000000   Number         0  _printf_ll.o ABSOLUTE
    ../clib/printf_percent.s                 0x00000000   Number         0  _printf_percent_end.o ABSOLUTE
    ../clib/signal.c                         0x00000000   Number         0  defsig_rtred_inner.o ABSOLUTE
    ../clib/signal.c                         0x00000000   Number         0  defsig_rtmem_inner.o ABSOLUTE
    ../clib/signal.c                         0x00000000   Number         0  defsig_general.o ABSOLUTE
    ../clib/signal.c                         0x00000000   Number         0  defsig_rtmem_outer.o ABSOLUTE
    ../clib/signal.c                         0x00000000   Number         0  defsig_fpe_inner.o ABSOLUTE
    ../clib/signal.c                         0x00000000   Number         0  defsig_rtmem_formal.o ABSOLUTE
    ../clib/signal.c                         0x00000000   Number         0  defsig_other.o ABSOLUTE
    ../clib/signal.c                         0x00000000   Number         0  defsig_segv_inner.o ABSOLUTE
    ../clib/signal.c                         0x00000000   Number         0  defsig_exit.o ABSOLUTE
    ../clib/signal.c                         0x00000000   Number         0  defsig_cppl_inner.o ABSOLUTE
    ../clib/signal.c                         0x00000000   Number         0  defsig_fpe_formal.o ABSOLUTE
    ../clib/signal.c                         0x00000000   Number         0  defsig_pvfn_inner.o ABSOLUTE
    ../clib/signal.c                         0x00000000   Number         0  defsig_fpe_outer.o ABSOLUTE
    ../clib/signal.c                         0x00000000   Number         0  __raise.o ABSOLUTE
    ../clib/signal.c                         0x00000000   Number         0  defsig_abrt_inner.o ABSOLUTE
    ../clib/signal.c                         0x00000000   Number         0  defsig_stak_inner.o ABSOLUTE
    ../clib/signal.s                         0x00000000   Number         0  defsig.o ABSOLUTE
    ../clib/stdio.c                          0x00000000   Number         0  ferror.o ABSOLUTE
    ../clib/stdio.c                          0x00000000   Number         0  ferror_locked.o ABSOLUTE
    ../clib/stdlib.c                         0x00000000   Number         0  exit.o ABSOLUTE
    ../clib/string.c                         0x00000000   Number         0  strcpy.o ABSOLUTE
    ../clib/string.c                         0x00000000   Number         0  strcat.o ABSOLUTE
    ../fplib/fpinit.s                        0x00000000   Number         0  fpinit.o ABSOLUTE
    ..\CORE\core_cm3.c                       0x00000000   Number         0  core_cm3.o ABSOLUTE
    ..\CORE\startup_stm32f10x_hd.s           0x00000000   Number         0  startup_stm32f10x_hd.o ABSOLUTE
    ..\HARDWARE\APP\App.c                    0x00000000   Number         0  app.o ABSOLUTE
    ..\HARDWARE\BLU\BLU.c                    0x00000000   Number         0  blu.o ABSOLUTE
    ..\HARDWARE\DHT11\DHT11.c                0x00000000   Number         0  dht11.o ABSOLUTE
    ..\HARDWARE\KEY\Key.c                    0x00000000   Number         0  key.o ABSOLUTE
    ..\HARDWARE\LED\led.c                    0x00000000   Number         0  led.o ABSOLUTE
    ..\HARDWARE\LOCK\lock.c                  0x00000000   Number         0  lock.o ABSOLUTE
    ..\HARDWARE\OLED\oled.c                  0x00000000   Number         0  oled.o ABSOLUTE
    ..\HARDWARE\Timer\Timer.c                0x00000000   Number         0  timer.o ABSOLUTE
    ..\STM32F10x_FWLib\src\misc.c            0x00000000   Number         0  misc.o ABSOLUTE
    ..\STM32F10x_FWLib\src\stm32f10x_gpio.c  0x00000000   Number         0  stm32f10x_gpio.o ABSOLUTE
    ..\STM32F10x_FWLib\src\stm32f10x_rcc.c   0x00000000   Number         0  stm32f10x_rcc.o ABSOLUTE
    ..\STM32F10x_FWLib\src\stm32f10x_tim.c   0x00000000   Number         0  stm32f10x_tim.o ABSOLUTE
    ..\STM32F10x_FWLib\src\stm32f10x_usart.c 0x00000000   Number         0  stm32f10x_usart.o ABSOLUTE
    ..\SYSTEM\delay\delay.c                  0x00000000   Number         0  delay.o ABSOLUTE
    ..\SYSTEM\sys\sys.c                      0x00000000   Number         0  sys.o ABSOLUTE
    ..\SYSTEM\usart\usart.c                  0x00000000   Number         0  usart.o ABSOLUTE
    ..\\CORE\\core_cm3.c                     0x00000000   Number         0  core_cm3.o ABSOLUTE
    ..\\SYSTEM\\sys\\sys.c                   0x00000000   Number         0  sys.o ABSOLUTE
    dc.s                                     0x00000000   Number         0  dc.o ABSOLUTE
    main.c                                   0x00000000   Number         0  main.o ABSOLUTE
    stm32f10x_it.c                           0x00000000   Number         0  stm32f10x_it.o ABSOLUTE
    system_stm32f10x.c                       0x00000000   Number         0  system_stm32f10x.o ABSOLUTE
    RESET                                    0x08000000   Section      304  startup_stm32f10x_hd.o(RESET)
    !!!main                                  0x08000130   Section        8  __main.o(!!!main)
    !!!scatter                               0x08000138   Section       52  __scatter.o(!!!scatter)
    !!handler_copy                           0x0800016c   Section       26  __scatter_copy.o(!!handler_copy)
    !!handler_zi                             0x08000188   Section       28  __scatter_zi.o(!!handler_zi)
    .ARM.Collect$$_printf_percent$$00000000  0x080001a4   Section        0  _printf_percent.o(.ARM.Collect$$_printf_percent$$00000000)
    .ARM.Collect$$_printf_percent$$00000007  0x080001a4   Section       10  _printf_ll.o(.ARM.Collect$$_printf_percent$$00000007)
    .ARM.Collect$$_printf_percent$$00000009  0x080001ae   Section        6  _printf_d.o(.ARM.Collect$$_printf_percent$$00000009)
    .ARM.Collect$$_printf_percent$$0000000E  0x080001b4   Section        6  _printf_lld.o(.ARM.Collect$$_printf_percent$$0000000E)
    .ARM.Collect$$_printf_percent$$00000014  0x080001ba   Section        6  _printf_s.o(.ARM.Collect$$_printf_percent$$00000014)
    .ARM.Collect$$_printf_percent$$00000017  0x080001c0   Section        4  _printf_percent_end.o(.ARM.Collect$$_printf_percent$$00000017)
    .ARM.Collect$$libinit$$00000000          0x080001c4   Section        2  libinit.o(.ARM.Collect$$libinit$$00000000)
    .ARM.Collect$$libinit$$00000002          0x080001c6   Section        0  libinit2.o(.ARM.Collect$$libinit$$00000002)
    .ARM.Collect$$libinit$$00000004          0x080001c6   Section        0  libinit2.o(.ARM.Collect$$libinit$$00000004)
    .ARM.Collect$$libinit$$0000000A          0x080001c6   Section        0  libinit2.o(.ARM.Collect$$libinit$$0000000A)
    .ARM.Collect$$libinit$$0000000C          0x080001c6   Section        0  libinit2.o(.ARM.Collect$$libinit$$0000000C)
    .ARM.Collect$$libinit$$0000000E          0x080001c6   Section        0  libinit2.o(.ARM.Collect$$libinit$$0000000E)
    .ARM.Collect$$libinit$$00000011          0x080001c6   Section        0  libinit2.o(.ARM.Collect$$libinit$$00000011)
    .ARM.Collect$$libinit$$00000013          0x080001c6   Section        0  libinit2.o(.ARM.Collect$$libinit$$00000013)
    .ARM.Collect$$libinit$$00000015          0x080001c6   Section        0  libinit2.o(.ARM.Collect$$libinit$$00000015)
    .ARM.Collect$$libinit$$00000017          0x080001c6   Section        0  libinit2.o(.ARM.Collect$$libinit$$00000017)
    .ARM.Collect$$libinit$$00000019          0x080001c6   Section        0  libinit2.o(.ARM.Collect$$libinit$$00000019)
    .ARM.Collect$$libinit$$0000001B          0x080001c6   Section        0  libinit2.o(.ARM.Collect$$libinit$$0000001B)
    .ARM.Collect$$libinit$$0000001D          0x080001c6   Section        0  libinit2.o(.ARM.Collect$$libinit$$0000001D)
    .ARM.Collect$$libinit$$0000001F          0x080001c6   Section        0  libinit2.o(.ARM.Collect$$libinit$$0000001F)
    .ARM.Collect$$libinit$$00000021          0x080001c6   Section        0  libinit2.o(.ARM.Collect$$libinit$$00000021)
    .ARM.Collect$$libinit$$00000023          0x080001c6   Section        0  libinit2.o(.ARM.Collect$$libinit$$00000023)
    .ARM.Collect$$libinit$$00000025          0x080001c6   Section        0  libinit2.o(.ARM.Collect$$libinit$$00000025)
    .ARM.Collect$$libinit$$0000002C          0x080001c6   Section        0  libinit2.o(.ARM.Collect$$libinit$$0000002C)
    .ARM.Collect$$libinit$$0000002E          0x080001c6   Section        0  libinit2.o(.ARM.Collect$$libinit$$0000002E)
    .ARM.Collect$$libinit$$00000030          0x080001c6   Section        0  libinit2.o(.ARM.Collect$$libinit$$00000030)
    .ARM.Collect$$libinit$$00000032          0x080001c6   Section        0  libinit2.o(.ARM.Collect$$libinit$$00000032)
    .ARM.Collect$$libinit$$00000033          0x080001c6   Section        2  libinit2.o(.ARM.Collect$$libinit$$00000033)
    .ARM.Collect$$libshutdown$$00000000      0x080001c8   Section        2  libshutdown.o(.ARM.Collect$$libshutdown$$00000000)
    .ARM.Collect$$libshutdown$$00000002      0x080001ca   Section        0  libshutdown2.o(.ARM.Collect$$libshutdown$$00000002)
    .ARM.Collect$$libshutdown$$00000004      0x080001ca   Section        0  libshutdown2.o(.ARM.Collect$$libshutdown$$00000004)
    .ARM.Collect$$libshutdown$$00000007      0x080001ca   Section        0  libshutdown2.o(.ARM.Collect$$libshutdown$$00000007)
    .ARM.Collect$$libshutdown$$0000000A      0x080001ca   Section        0  libshutdown2.o(.ARM.Collect$$libshutdown$$0000000A)
    .ARM.Collect$$libshutdown$$0000000C      0x080001ca   Section        0  libshutdown2.o(.ARM.Collect$$libshutdown$$0000000C)
    .ARM.Collect$$libshutdown$$0000000F      0x080001ca   Section        0  libshutdown2.o(.ARM.Collect$$libshutdown$$0000000F)
    .ARM.Collect$$libshutdown$$00000010      0x080001ca   Section        2  libshutdown2.o(.ARM.Collect$$libshutdown$$00000010)
    .ARM.Collect$$rtentry$$00000000          0x080001cc   Section        0  __rtentry.o(.ARM.Collect$$rtentry$$00000000)
    .ARM.Collect$$rtentry$$00000002          0x080001cc   Section        0  __rtentry2.o(.ARM.Collect$$rtentry$$00000002)
    .ARM.Collect$$rtentry$$00000004          0x080001cc   Section        6  __rtentry4.o(.ARM.Collect$$rtentry$$00000004)
    .ARM.Collect$$rtentry$$00000009          0x080001d2   Section        0  __rtentry2.o(.ARM.Collect$$rtentry$$00000009)
    .ARM.Collect$$rtentry$$0000000A          0x080001d2   Section        4  __rtentry2.o(.ARM.Collect$$rtentry$$0000000A)
    .ARM.Collect$$rtentry$$0000000C          0x080001d6   Section        0  __rtentry2.o(.ARM.Collect$$rtentry$$0000000C)
    .ARM.Collect$$rtentry$$0000000D          0x080001d6   Section        8  __rtentry2.o(.ARM.Collect$$rtentry$$0000000D)
    .ARM.Collect$$rtexit$$00000000           0x080001de   Section        2  rtexit.o(.ARM.Collect$$rtexit$$00000000)
    .ARM.Collect$$rtexit$$00000002           0x080001e0   Section        0  rtexit2.o(.ARM.Collect$$rtexit$$00000002)
    .ARM.Collect$$rtexit$$00000003           0x080001e0   Section        4  rtexit2.o(.ARM.Collect$$rtexit$$00000003)
    .ARM.Collect$$rtexit$$00000004           0x080001e4   Section        6  rtexit2.o(.ARM.Collect$$rtexit$$00000004)
    .text                                    0x080001ea   Section        0  main.o(.text)
    .text                                    0x080001f4   Section        0  stm32f10x_it.o(.text)
    .text                                    0x08000208   Section        0  system_stm32f10x.o(.text)
    SetSysClockTo72                          0x08000209   Thumb Code   166  system_stm32f10x.o(.text)
    SetSysClock                              0x080002af   Thumb Code     2  system_stm32f10x.o(.text)
    .text                                    0x0800037c   Section        0  blu.o(.text)
    .text                                    0x08000564   Section        0  oled.o(.text)
    .text                                    0x08000adc   Section        0  dht11.o(.text)
    DHT11_Mode_IPU                           0x08000b0f   Thumb Code    26  dht11.o(.text)
    DHT11_Mode_Out_PP                        0x08000b29   Thumb Code    32  dht11.o(.text)
    DHT11_Reset                              0x08000b49   Thumb Code    44  dht11.o(.text)
    DHT11_Readbit                            0x08000bd1   Thumb Code    88  dht11.o(.text)
    DHT11_ReadByte                           0x08000c29   Thumb Code    26  dht11.o(.text)
    .text                                    0x08000c8c   Section        0  lock.o(.text)
    .text                                    0x08000cd4   Section        0  app.o(.text)
    .text                                    0x08001130   Section        0  key.o(.text)
    .text                                    0x0800151c   Section        0  timer.o(.text)
    .text                                    0x08001628   Section        0  delay.o(.text)
    .text                                    0x080016c0   Section        0  usart.o(.text)
    .text                                    0x08001820   Section       64  startup_stm32f10x_hd.o(.text)
    .text                                    0x08001860   Section        0  misc.o(.text)
    .text                                    0x08001918   Section        0  stm32f10x_gpio.o(.text)
    .text                                    0x08001bb0   Section        0  stm32f10x_rcc.o(.text)
    .text                                    0x08001ea4   Section        0  stm32f10x_usart.o(.text)
    .text                                    0x08002240   Section        0  stm32f10x_tim.o(.text)
    TI4_Config                               0x080026a9   Thumb Code   102  stm32f10x_tim.o(.text)
    TI3_Config                               0x0800271f   Thumb Code    98  stm32f10x_tim.o(.text)
    TI2_Config                               0x08002799   Thumb Code   102  stm32f10x_tim.o(.text)
    TI1_Config                               0x0800280f   Thumb Code    94  stm32f10x_tim.o(.text)
    .text                                    0x08002e6a   Section        2  use_no_semi_2.o(.text)
    .text                                    0x08002e6c   Section      238  lludivv7m.o(.text)
    .text                                    0x08002f5c   Section        0  noretval__2printf.o(.text)
    .text                                    0x08002f74   Section        0  noretval__2sprintf.o(.text)
    .text                                    0x08002f9c   Section        0  _printf_str.o(.text)
    .text                                    0x08002ff0   Section        0  _printf_dec.o(.text)
    .text                                    0x08003068   Section        0  _printf_longlong_dec.o(.text)
    .text                                    0x080030e4   Section        0  __printf_ss_wp.o(.text)
    .text                                    0x08003244   Section        0  strcpy.o(.text)
    .text                                    0x0800328c   Section        0  strcat.o(.text)
    .text                                    0x080032a4   Section      100  rt_memcpy_w.o(.text)
    .text                                    0x08003308   Section       68  rt_memclr.o(.text)
    .text                                    0x0800334c   Section       78  rt_memclr_w.o(.text)
    .text                                    0x0800339a   Section        0  heapauxi.o(.text)
    .text                                    0x080033a0   Section        2  use_no_semi.o(.text)
    .text                                    0x080033a2   Section      138  lludiv10.o(.text)
    .text                                    0x0800342c   Section        0  _printf_intcommon.o(.text)
    .text                                    0x080034e0   Section        0  _printf_char_common.o(.text)
    _printf_input_char                       0x080034e1   Thumb Code    10  _printf_char_common.o(.text)
    .text                                    0x08003510   Section        0  _sputc.o(.text)
    .text                                    0x0800351a   Section        0  _printf_char.o(.text)
    .text                                    0x08003548   Section        0  _printf_char_file.o(.text)
    .text                                    0x0800356c   Section        0  ferror.o(.text)
    .text                                    0x08003574   Section       74  sys_stackheap_outer.o(.text)
    .text                                    0x080035be   Section        0  exit.o(.text)
    .text                                    0x080035d0   Section        8  libspace.o(.text)
    i._is_digit                              0x080035d8   Section        0  __printf_wp.o(i._is_digit)
    .constdata                               0x080035e6   Section     2520  oled.o(.constdata)
    .constdata                               0x08003fc0   Section       40  usart.o(.constdata)
    .conststring                             0x08003fe8   Section       39  usart.o(.conststring)
    .data                                    0x20000000   Section       20  system_stm32f10x.o(.data)
    .data                                    0x20000014   Section        5  dht11.o(.data)
    .data                                    0x20000020   Section       40  app.o(.data)
    read_dht11_time                          0x20000040   Data           8  app.o(.data)
    .data                                    0x20000048   Section        4  key.o(.data)
    head_handle                              0x20000048   Data           4  key.o(.data)
    .data                                    0x20000050   Section       16  timer.o(.data)
    Key_Count                                0x20000050   Data           1  timer.o(.data)
    os_time                                  0x20000058   Data           8  timer.o(.data)
    .data                                    0x20000060   Section        4  delay.o(.data)
    fac_us                                   0x20000060   Data           1  delay.o(.data)
    fac_ms                                   0x20000062   Data           2  delay.o(.data)
    .data                                    0x20000064   Section        4  usart.o(.data)
    .data                                    0x20000068   Section       20  stm32f10x_rcc.o(.data)
    ADCPrescTable                            0x20000068   Data           4  stm32f10x_rcc.o(.data)
    APBAHBPrescTable                         0x2000006c   Data          16  stm32f10x_rcc.o(.data)
    .bss                                     0x2000007c   Section      132  blu.o(.bss)
    BLU_Data                                 0x2000007c   Data         132  blu.o(.bss)
    .bss                                     0x20000100   Section       40  key.o(.bss)
    .bss                                     0x20000128   Section       96  libspace.o(.bss)
    HEAP                                     0x20000188   Section      512  startup_stm32f10x_hd.o(HEAP)
    Heap_Mem                                 0x20000188   Data         512  startup_stm32f10x_hd.o(HEAP)
    STACK                                    0x20000388   Section     1024  startup_stm32f10x_hd.o(STACK)
    Stack_Mem                                0x20000388   Data        1024  startup_stm32f10x_hd.o(STACK)
    __initial_sp                             0x20000788   Data           0  startup_stm32f10x_hd.o(STACK)

    Global Symbols

    Symbol Name                              Value     Ov Type        Size  Object(Section)

    BuildAttributes$$THM_ISAv4$P$D$K$B$S$PE$A:L22UL41UL21$X:L11$S22US41US21$IEEE1$IW$USESV6$~STKCKD$USESV7$~SHL$OSPACE$ROPI$EBA8$UX$STANDARDLIB$REQ8$PRES8$EABIv2 0x00000000   Number         0  anon$$obj.o ABSOLUTE
    __ARM_use_no_argv                        0x00000000   Number         0  main.o ABSOLUTE
    _printf_flags                            0x00000000   Number         0  printf_stubs.o ABSOLUTE
    _printf_return_value                     0x00000000   Number         0  printf_stubs.o ABSOLUTE
    _printf_sizespec                         0x00000000   Number         0  printf_stubs.o ABSOLUTE
    _printf_widthprec                        0x00000000   Number         0  printf_stubs.o ABSOLUTE
    __ARM_exceptions_init                     - Undefined Weak Reference
    __alloca_initialize                       - Undefined Weak Reference
    __arm_preinit_                            - Undefined Weak Reference
    __cpp_initialize__aeabi_                  - Undefined Weak Reference
    __cxa_finalize                            - Undefined Weak Reference
    __rt_locale                               - Undefined Weak Reference
    __sigvec_lookup                           - Undefined Weak Reference
    _atexit_init                              - Undefined Weak Reference
    _call_atexit_fns                          - Undefined Weak Reference
    _clock_init                               - Undefined Weak Reference
    _fp_trap_init                             - Undefined Weak Reference
    _fp_trap_shutdown                         - Undefined Weak Reference
    _get_lc_collate                           - Undefined Weak Reference
    _get_lc_ctype                             - Undefined Weak Reference
    _get_lc_monetary                          - Undefined Weak Reference
    _get_lc_numeric                           - Undefined Weak Reference
    _get_lc_time                              - Undefined Weak Reference
    _getenv_init                              - Undefined Weak Reference
    _handle_redirection                       - Undefined Weak Reference
    _init_alloc                               - Undefined Weak Reference
    _init_user_alloc                          - Undefined Weak Reference
    _initio                                   - Undefined Weak Reference
    _mutex_acquire                            - Undefined Weak Reference
    _mutex_release                            - Undefined Weak Reference
    _printf_mbtowc                            - Undefined Weak Reference
    _printf_post_padding                      - Undefined Weak Reference
    _printf_pre_padding                       - Undefined Weak Reference
    _printf_truncate_signed                   - Undefined Weak Reference
    _printf_truncate_unsigned                 - Undefined Weak Reference
    _rand_init                                - Undefined Weak Reference
    _signal_finish                            - Undefined Weak Reference
    _signal_init                              - Undefined Weak Reference
    _terminate_alloc                          - Undefined Weak Reference
    _terminate_user_alloc                     - Undefined Weak Reference
    _terminateio                              - Undefined Weak Reference
    __Vectors_Size                           0x00000130   Number         0  startup_stm32f10x_hd.o ABSOLUTE
    __Vectors                                0x08000000   Data           4  startup_stm32f10x_hd.o(RESET)
    __Vectors_End                            0x08000130   Data           0  startup_stm32f10x_hd.o(RESET)
    __main                                   0x08000131   Thumb Code     8  __main.o(!!!main)
    __scatterload                            0x08000139   Thumb Code     0  __scatter.o(!!!scatter)
    __scatterload_rt2                        0x08000139   Thumb Code    44  __scatter.o(!!!scatter)
    __scatterload_rt2_thumb_only             0x08000139   Thumb Code     0  __scatter.o(!!!scatter)
    __scatterload_null                       0x08000147   Thumb Code     0  __scatter.o(!!!scatter)
    __scatterload_copy                       0x0800016d   Thumb Code    26  __scatter_copy.o(!!handler_copy)
    __scatterload_zeroinit                   0x08000189   Thumb Code    28  __scatter_zi.o(!!handler_zi)
    _printf_ll                               0x080001a5   Thumb Code     0  _printf_ll.o(.ARM.Collect$$_printf_percent$$00000007)
    _printf_percent                          0x080001a5   Thumb Code     0  _printf_percent.o(.ARM.Collect$$_printf_percent$$00000000)
    _printf_d                                0x080001af   Thumb Code     0  _printf_d.o(.ARM.Collect$$_printf_percent$$00000009)
    _printf_lld                              0x080001b5   Thumb Code     0  _printf_lld.o(.ARM.Collect$$_printf_percent$$0000000E)
    _printf_s                                0x080001bb   Thumb Code     0  _printf_s.o(.ARM.Collect$$_printf_percent$$00000014)
    _printf_percent_end                      0x080001c1   Thumb Code     0  _printf_percent_end.o(.ARM.Collect$$_printf_percent$$00000017)
    __rt_lib_init                            0x080001c5   Thumb Code     0  libinit.o(.ARM.Collect$$libinit$$00000000)
    __rt_lib_init_alloca_1                   0x080001c7   Thumb Code     0  libinit2.o(.ARM.Collect$$libinit$$0000002E)
    __rt_lib_init_argv_1                     0x080001c7   Thumb Code     0  libinit2.o(.ARM.Collect$$libinit$$0000002C)
    __rt_lib_init_atexit_1                   0x080001c7   Thumb Code     0  libinit2.o(.ARM.Collect$$libinit$$0000001B)
    __rt_lib_init_clock_1                    0x080001c7   Thumb Code     0  libinit2.o(.ARM.Collect$$libinit$$00000021)
    __rt_lib_init_cpp_1                      0x080001c7   Thumb Code     0  libinit2.o(.ARM.Collect$$libinit$$00000032)
    __rt_lib_init_exceptions_1               0x080001c7   Thumb Code     0  libinit2.o(.ARM.Collect$$libinit$$00000030)
    __rt_lib_init_fp_1                       0x080001c7   Thumb Code     0  libinit2.o(.ARM.Collect$$libinit$$00000002)
    __rt_lib_init_fp_trap_1                  0x080001c7   Thumb Code     0  libinit2.o(.ARM.Collect$$libinit$$0000001F)
    __rt_lib_init_getenv_1                   0x080001c7   Thumb Code     0  libinit2.o(.ARM.Collect$$libinit$$00000023)
    __rt_lib_init_heap_1                     0x080001c7   Thumb Code     0  libinit2.o(.ARM.Collect$$libinit$$0000000A)
    __rt_lib_init_lc_collate_1               0x080001c7   Thumb Code     0  libinit2.o(.ARM.Collect$$libinit$$00000011)
    __rt_lib_init_lc_ctype_1                 0x080001c7   Thumb Code     0  libinit2.o(.ARM.Collect$$libinit$$00000013)
    __rt_lib_init_lc_monetary_1              0x080001c7   Thumb Code     0  libinit2.o(.ARM.Collect$$libinit$$00000015)
    __rt_lib_init_lc_numeric_1               0x080001c7   Thumb Code     0  libinit2.o(.ARM.Collect$$libinit$$00000017)
    __rt_lib_init_lc_time_1                  0x080001c7   Thumb Code     0  libinit2.o(.ARM.Collect$$libinit$$00000019)
    __rt_lib_init_preinit_1                  0x080001c7   Thumb Code     0  libinit2.o(.ARM.Collect$$libinit$$00000004)
    __rt_lib_init_rand_1                     0x080001c7   Thumb Code     0  libinit2.o(.ARM.Collect$$libinit$$0000000E)
    __rt_lib_init_return                     0x080001c7   Thumb Code     0  libinit2.o(.ARM.Collect$$libinit$$00000033)
    __rt_lib_init_signal_1                   0x080001c7   Thumb Code     0  libinit2.o(.ARM.Collect$$libinit$$0000001D)
    __rt_lib_init_stdio_1                    0x080001c7   Thumb Code     0  libinit2.o(.ARM.Collect$$libinit$$00000025)
    __rt_lib_init_user_alloc_1               0x080001c7   Thumb Code     0  libinit2.o(.ARM.Collect$$libinit$$0000000C)
    __rt_lib_shutdown                        0x080001c9   Thumb Code     0  libshutdown.o(.ARM.Collect$$libshutdown$$00000000)
    __rt_lib_shutdown_cpp_1                  0x080001cb   Thumb Code     0  libshutdown2.o(.ARM.Collect$$libshutdown$$00000002)
    __rt_lib_shutdown_fp_trap_1              0x080001cb   Thumb Code     0  libshutdown2.o(.ARM.Collect$$libshutdown$$00000007)
    __rt_lib_shutdown_heap_1                 0x080001cb   Thumb Code     0  libshutdown2.o(.ARM.Collect$$libshutdown$$0000000F)
    __rt_lib_shutdown_return                 0x080001cb   Thumb Code     0  libshutdown2.o(.ARM.Collect$$libshutdown$$00000010)
    __rt_lib_shutdown_signal_1               0x080001cb   Thumb Code     0  libshutdown2.o(.ARM.Collect$$libshutdown$$0000000A)
    __rt_lib_shutdown_stdio_1                0x080001cb   Thumb Code     0  libshutdown2.o(.ARM.Collect$$libshutdown$$00000004)
    __rt_lib_shutdown_user_alloc_1           0x080001cb   Thumb Code     0  libshutdown2.o(.ARM.Collect$$libshutdown$$0000000C)
    __rt_entry                               0x080001cd   Thumb Code     0  __rtentry.o(.ARM.Collect$$rtentry$$00000000)
    __rt_entry_presh_1                       0x080001cd   Thumb Code     0  __rtentry2.o(.ARM.Collect$$rtentry$$00000002)
    __rt_entry_sh                            0x080001cd   Thumb Code     0  __rtentry4.o(.ARM.Collect$$rtentry$$00000004)
    __rt_entry_li                            0x080001d3   Thumb Code     0  __rtentry2.o(.ARM.Collect$$rtentry$$0000000A)
    __rt_entry_postsh_1                      0x080001d3   Thumb Code     0  __rtentry2.o(.ARM.Collect$$rtentry$$00000009)
    __rt_entry_main                          0x080001d7   Thumb Code     0  __rtentry2.o(.ARM.Collect$$rtentry$$0000000D)
    __rt_entry_postli_1                      0x080001d7   Thumb Code     0  __rtentry2.o(.ARM.Collect$$rtentry$$0000000C)
    __rt_exit                                0x080001df   Thumb Code     0  rtexit.o(.ARM.Collect$$rtexit$$00000000)
    __rt_exit_ls                             0x080001e1   Thumb Code     0  rtexit2.o(.ARM.Collect$$rtexit$$00000003)
    __rt_exit_prels_1                        0x080001e1   Thumb Code     0  rtexit2.o(.ARM.Collect$$rtexit$$00000002)
    __rt_exit_exit                           0x080001e5   Thumb Code     0  rtexit2.o(.ARM.Collect$$rtexit$$00000004)
    main                                     0x080001eb   Thumb Code    10  main.o(.text)
    NMI_Handler                              0x080001f5   Thumb Code     2  stm32f10x_it.o(.text)
    HardFault_Handler                        0x080001f7   Thumb Code     2  stm32f10x_it.o(.text)
    MemManage_Handler                        0x080001f9   Thumb Code     2  stm32f10x_it.o(.text)
    BusFault_Handler                         0x080001fb   Thumb Code     2  stm32f10x_it.o(.text)
    UsageFault_Handler                       0x080001fd   Thumb Code     2  stm32f10x_it.o(.text)
    SVC_Handler                              0x080001ff   Thumb Code     2  stm32f10x_it.o(.text)
    DebugMon_Handler                         0x08000201   Thumb Code     2  stm32f10x_it.o(.text)
    PendSV_Handler                           0x08000203   Thumb Code     2  stm32f10x_it.o(.text)
    SysTick_Handler                          0x08000205   Thumb Code     2  stm32f10x_it.o(.text)
    SystemInit                               0x080002b1   Thumb Code    64  system_stm32f10x.o(.text)
    SystemCoreClockUpdate                    0x080002f1   Thumb Code   106  system_stm32f10x.o(.text)
    blu_init                                 0x0800037d   Thumb Code   174  blu.o(.text)
    Send_Data                                0x0800042b   Thumb Code    86  blu.o(.text)
    Get_BLU_Sta                              0x08000481   Thumb Code     6  blu.o(.text)
    Get_BLU_Len                              0x08000487   Thumb Code     6  blu.o(.text)
    Get_BLU_Data                             0x0800048d   Thumb Code    56  blu.o(.text)
    USART3_IRQHandler                        0x080004c5   Thumb Code   148  blu.o(.text)
    IIC_Start                                0x08000565   Thumb Code    40  oled.o(.text)
    IIC_Stop                                 0x0800058d   Thumb Code    32  oled.o(.text)
    IIC_WaitAck                              0x080005ad   Thumb Code    24  oled.o(.text)
    IIC_WriteByte                            0x080005c5   Thumb Code    72  oled.o(.text)
    IIC_WriteCommand                         0x0800060d   Thumb Code    44  oled.o(.text)
    IIC_WriteData                            0x08000639   Thumb Code    44  oled.o(.text)
    OLED_WR_Byte                             0x08000665   Thumb Code    12  oled.o(.text)
    OLED_Clear                               0x08000671   Thumb Code    58  oled.o(.text)
    OLED_Init                                0x080006ab   Thumb Code   310  oled.o(.text)
    OLED_FillPicture                         0x080007e1   Thumb Code    60  oled.o(.text)
    OLED_SetPos                              0x0800081d   Thumb Code    38  oled.o(.text)
    OLED_DisplayOn                           0x08000843   Thumb Code    28  oled.o(.text)
    OLED_DisplayOff                          0x0800085f   Thumb Code    28  oled.o(.text)
    OLED_On                                  0x0800087b   Thumb Code    58  oled.o(.text)
    OLED_ShowChar                            0x080008b5   Thumb Code   134  oled.o(.text)
    oled_pow                                 0x0800093b   Thumb Code    30  oled.o(.text)
    OLED_ShowNum                             0x08000959   Thumb Code   112  oled.o(.text)
    OLED_ShowString                          0x080009c9   Thumb Code    52  oled.o(.text)
    OLED_DrawBMP2                            0x080009fd   Thumb Code    66  oled.o(.text)
    OLED_ShowCHinese                         0x08000a3f   Thumb Code    86  oled.o(.text)
    OLED_DrawBMP                             0x08000a95   Thumb Code    66  oled.o(.text)
    DHT11_GPIO_Init                          0x08000add   Thumb Code    50  dht11.o(.text)
    DHT11_Check                              0x08000b75   Thumb Code    92  dht11.o(.text)
    DHT11_Read_TempAndHumidity               0x08000c43   Thumb Code    70  dht11.o(.text)
    LOCK_Init                                0x08000c8d   Thumb Code    44  lock.o(.text)
    LOCK_ON                                  0x08000cb9   Thumb Code    20  lock.o(.text)
    Add_Menu                                 0x08000cd5   Thumb Code   210  app.o(.text)
    App_Init                                 0x08000da7   Thumb Code   110  app.o(.text)
    open_menu                                0x08000e15   Thumb Code   280  app.o(.text)
    App_Run                                  0x08000f2d   Thumb Code   276  app.o(.text)
    read_button1_GPIO                        0x08001131   Thumb Code    10  key.o(.text)
    KEY_GPIO_Init                            0x0800113b   Thumb Code    34  key.o(.text)
    Get_Key                                  0x0800115d   Thumb Code   134  key.o(.text)
    BTN1_SINGLE_Click_Handler                0x080011e3   Thumb Code    76  key.o(.text)
    BTN1_DOUBLE_Click_Handler                0x0800122f   Thumb Code     2  key.o(.text)
    BTN1_PRESS_REPEAT_Handler                0x08001231   Thumb Code     2  key.o(.text)
    BTN1_LONG_PRESS_START_Handler            0x08001233   Thumb Code    74  key.o(.text)
    button_init                              0x0800127d   Thumb Code    46  key.o(.text)
    button_attach                            0x080012ab   Thumb Code     8  key.o(.text)
    get_button_event                         0x080012b3   Thumb Code     6  key.o(.text)
    button_handler                           0x080012b9   Thumb Code   502  key.o(.text)
    button_start                             0x080014af   Thumb Code    32  key.o(.text)
    button_stop                              0x080014cf   Thumb Code    26  key.o(.text)
    button_ticks                             0x080014e9   Thumb Code    22  key.o(.text)
    TIM1_Int_Init                            0x0800151d   Thumb Code    94  timer.o(.text)
    TIM4_Int_Init                            0x0800157b   Thumb Code    90  timer.o(.text)
    Get_OS_Time                              0x080015d5   Thumb Code     8  timer.o(.text)
    TIM1_UP_IRQHandler                       0x080015dd   Thumb Code    62  timer.o(.text)
    delay_init                               0x08001629   Thumb Code    46  delay.o(.text)
    delay_us                                 0x08001657   Thumb Code    46  delay.o(.text)
    delay_ms                                 0x08001685   Thumb Code    46  delay.o(.text)
    _sys_exit                                0x080016c1   Thumb Code     2  usart.o(.text)
    fputc                                    0x080016c3   Thumb Code    18  usart.o(.text)
    uart_init                                0x080016d5   Thumb Code   114  usart.o(.text)
    numberToChinese                          0x08001747   Thumb Code   180  usart.o(.text)
    Reset_Handler                            0x08001821   Thumb Code     8  startup_stm32f10x_hd.o(.text)
    ADC1_2_IRQHandler                        0x0800183b   Thumb Code     0  startup_stm32f10x_hd.o(.text)
    ADC3_IRQHandler                          0x0800183b   Thumb Code     0  startup_stm32f10x_hd.o(.text)
    CAN1_RX1_IRQHandler                      0x0800183b   Thumb Code     0  startup_stm32f10x_hd.o(.text)
    CAN1_SCE_IRQHandler                      0x0800183b   Thumb Code     0  startup_stm32f10x_hd.o(.text)
    DMA1_Channel1_IRQHandler                 0x0800183b   Thumb Code     0  startup_stm32f10x_hd.o(.text)
    DMA1_Channel2_IRQHandler                 0x0800183b   Thumb Code     0  startup_stm32f10x_hd.o(.text)
    DMA1_Channel3_IRQHandler                 0x0800183b   Thumb Code     0  startup_stm32f10x_hd.o(.text)
    DMA1_Channel4_IRQHandler                 0x0800183b   Thumb Code     0  startup_stm32f10x_hd.o(.text)
    DMA1_Channel5_IRQHandler                 0x0800183b   Thumb Code     0  startup_stm32f10x_hd.o(.text)
    DMA1_Channel6_IRQHandler                 0x0800183b   Thumb Code     0  startup_stm32f10x_hd.o(.text)
    DMA1_Channel7_IRQHandler                 0x0800183b   Thumb Code     0  startup_stm32f10x_hd.o(.text)
    DMA2_Channel1_IRQHandler                 0x0800183b   Thumb Code     0  startup_stm32f10x_hd.o(.text)
    DMA2_Channel2_IRQHandler                 0x0800183b   Thumb Code     0  startup_stm32f10x_hd.o(.text)
    DMA2_Channel3_IRQHandler                 0x0800183b   Thumb Code     0  startup_stm32f10x_hd.o(.text)
    DMA2_Channel4_5_IRQHandler               0x0800183b   Thumb Code     0  startup_stm32f10x_hd.o(.text)
    EXTI0_IRQHandler                         0x0800183b   Thumb Code     0  startup_stm32f10x_hd.o(.text)
    EXTI15_10_IRQHandler                     0x0800183b   Thumb Code     0  startup_stm32f10x_hd.o(.text)
    EXTI1_IRQHandler                         0x0800183b   Thumb Code     0  startup_stm32f10x_hd.o(.text)
    EXTI2_IRQHandler                         0x0800183b   Thumb Code     0  startup_stm32f10x_hd.o(.text)
    EXTI3_IRQHandler                         0x0800183b   Thumb Code     0  startup_stm32f10x_hd.o(.text)
    EXTI4_IRQHandler                         0x0800183b   Thumb Code     0  startup_stm32f10x_hd.o(.text)
    EXTI9_5_IRQHandler                       0x0800183b   Thumb Code     0  startup_stm32f10x_hd.o(.text)
    FLASH_IRQHandler                         0x0800183b   Thumb Code     0  startup_stm32f10x_hd.o(.text)
    FSMC_IRQHandler                          0x0800183b   Thumb Code     0  startup_stm32f10x_hd.o(.text)
    I2C1_ER_IRQHandler                       0x0800183b   Thumb Code     0  startup_stm32f10x_hd.o(.text)
    I2C1_EV_IRQHandler                       0x0800183b   Thumb Code     0  startup_stm32f10x_hd.o(.text)
    I2C2_ER_IRQHandler                       0x0800183b   Thumb Code     0  startup_stm32f10x_hd.o(.text)
    I2C2_EV_IRQHandler                       0x0800183b   Thumb Code     0  startup_stm32f10x_hd.o(.text)
    PVD_IRQHandler                           0x0800183b   Thumb Code     0  startup_stm32f10x_hd.o(.text)
    RCC_IRQHandler                           0x0800183b   Thumb Code     0  startup_stm32f10x_hd.o(.text)
    RTCAlarm_IRQHandler                      0x0800183b   Thumb Code     0  startup_stm32f10x_hd.o(.text)
    RTC_IRQHandler                           0x0800183b   Thumb Code     0  startup_stm32f10x_hd.o(.text)
    SDIO_IRQHandler                          0x0800183b   Thumb Code     0  startup_stm32f10x_hd.o(.text)
    SPI1_IRQHandler                          0x0800183b   Thumb Code     0  startup_stm32f10x_hd.o(.text)
    SPI2_IRQHandler                          0x0800183b   Thumb Code     0  startup_stm32f10x_hd.o(.text)
    SPI3_IRQHandler                          0x0800183b   Thumb Code     0  startup_stm32f10x_hd.o(.text)
    TAMPER_IRQHandler                        0x0800183b   Thumb Code     0  startup_stm32f10x_hd.o(.text)
    TIM1_BRK_IRQHandler                      0x0800183b   Thumb Code     0  startup_stm32f10x_hd.o(.text)
    TIM1_CC_IRQHandler                       0x0800183b   Thumb Code     0  startup_stm32f10x_hd.o(.text)
    TIM1_TRG_COM_IRQHandler                  0x0800183b   Thumb Code     0  startup_stm32f10x_hd.o(.text)
    TIM2_IRQHandler                          0x0800183b   Thumb Code     0  startup_stm32f10x_hd.o(.text)
    TIM3_IRQHandler                          0x0800183b   Thumb Code     0  startup_stm32f10x_hd.o(.text)
    TIM4_IRQHandler                          0x0800183b   Thumb Code     0  startup_stm32f10x_hd.o(.text)
    TIM5_IRQHandler                          0x0800183b   Thumb Code     0  startup_stm32f10x_hd.o(.text)
    TIM6_IRQHandler                          0x0800183b   Thumb Code     0  startup_stm32f10x_hd.o(.text)
    TIM7_IRQHandler                          0x0800183b   Thumb Code     0  startup_stm32f10x_hd.o(.text)
    TIM8_BRK_IRQHandler                      0x0800183b   Thumb Code     0  startup_stm32f10x_hd.o(.text)
    TIM8_CC_IRQHandler                       0x0800183b   Thumb Code     0  startup_stm32f10x_hd.o(.text)
    TIM8_TRG_COM_IRQHandler                  0x0800183b   Thumb Code     0  startup_stm32f10x_hd.o(.text)
    TIM8_UP_IRQHandler                       0x0800183b   Thumb Code     0  startup_stm32f10x_hd.o(.text)
    UART4_IRQHandler                         0x0800183b   Thumb Code     0  startup_stm32f10x_hd.o(.text)
    UART5_IRQHandler                         0x0800183b   Thumb Code     0  startup_stm32f10x_hd.o(.text)
    USART1_IRQHandler                        0x0800183b   Thumb Code     0  startup_stm32f10x_hd.o(.text)
    USART2_IRQHandler                        0x0800183b   Thumb Code     0  startup_stm32f10x_hd.o(.text)
    USBWakeUp_IRQHandler                     0x0800183b   Thumb Code     0  startup_stm32f10x_hd.o(.text)
    USB_HP_CAN1_TX_IRQHandler                0x0800183b   Thumb Code     0  startup_stm32f10x_hd.o(.text)
    USB_LP_CAN1_RX0_IRQHandler               0x0800183b   Thumb Code     0  startup_stm32f10x_hd.o(.text)
    WWDG_IRQHandler                          0x0800183b   Thumb Code     0  startup_stm32f10x_hd.o(.text)
    __user_initial_stackheap                 0x0800183d   Thumb Code     0  startup_stm32f10x_hd.o(.text)
    NVIC_PriorityGroupConfig                 0x08001861   Thumb Code    10  misc.o(.text)
    NVIC_Init                                0x0800186b   Thumb Code    96  misc.o(.text)
    NVIC_SetVectorTable                      0x080018cb   Thumb Code    14  misc.o(.text)
    NVIC_SystemLPConfig                      0x080018d9   Thumb Code    24  misc.o(.text)
    SysTick_CLKSourceConfig                  0x080018f1   Thumb Code    28  misc.o(.text)
    GPIO_DeInit                              0x08001919   Thumb Code   188  stm32f10x_gpio.o(.text)
    GPIO_AFIODeInit                          0x080019d5   Thumb Code    22  stm32f10x_gpio.o(.text)
    GPIO_Init                                0x080019eb   Thumb Code   166  stm32f10x_gpio.o(.text)
    GPIO_StructInit                          0x08001a91   Thumb Code    16  stm32f10x_gpio.o(.text)
    GPIO_ReadInputDataBit                    0x08001aa1   Thumb Code    14  stm32f10x_gpio.o(.text)
    GPIO_ReadInputData                       0x08001aaf   Thumb Code     6  stm32f10x_gpio.o(.text)
    GPIO_ReadOutputDataBit                   0x08001ab5   Thumb Code    14  stm32f10x_gpio.o(.text)
    GPIO_ReadOutputData                      0x08001ac3   Thumb Code     6  stm32f10x_gpio.o(.text)
    GPIO_SetBits                             0x08001ac9   Thumb Code     4  stm32f10x_gpio.o(.text)
    GPIO_ResetBits                           0x08001acd   Thumb Code     4  stm32f10x_gpio.o(.text)
    GPIO_WriteBit                            0x08001ad1   Thumb Code    12  stm32f10x_gpio.o(.text)
    GPIO_Write                               0x08001add   Thumb Code     4  stm32f10x_gpio.o(.text)
    GPIO_PinLockConfig                       0x08001ae1   Thumb Code    16  stm32f10x_gpio.o(.text)
    GPIO_EventOutputConfig                   0x08001af1   Thumb Code    22  stm32f10x_gpio.o(.text)
    GPIO_EventOutputCmd                      0x08001b07   Thumb Code     6  stm32f10x_gpio.o(.text)
    GPIO_PinRemapConfig                      0x08001b0d   Thumb Code    86  stm32f10x_gpio.o(.text)
    GPIO_EXTILineConfig                      0x08001b63   Thumb Code    34  stm32f10x_gpio.o(.text)
    GPIO_ETH_MediaInterfaceConfig            0x08001b85   Thumb Code     8  stm32f10x_gpio.o(.text)
    RCC_DeInit                               0x08001bb1   Thumb Code    50  stm32f10x_rcc.o(.text)
    RCC_HSEConfig                            0x08001be3   Thumb Code    50  stm32f10x_rcc.o(.text)
    RCC_GetFlagStatus                        0x08001c15   Thumb Code    42  stm32f10x_rcc.o(.text)
    RCC_WaitForHSEStartUp                    0x08001c3f   Thumb Code    48  stm32f10x_rcc.o(.text)
    RCC_AdjustHSICalibrationValue            0x08001c6f   Thumb Code    16  stm32f10x_rcc.o(.text)
    RCC_HSICmd                               0x08001c7f   Thumb Code     6  stm32f10x_rcc.o(.text)
    RCC_PLLConfig                            0x08001c85   Thumb Code    16  stm32f10x_rcc.o(.text)
    RCC_PLLCmd                               0x08001c95   Thumb Code     6  stm32f10x_rcc.o(.text)
    RCC_SYSCLKConfig                         0x08001c9b   Thumb Code    14  stm32f10x_rcc.o(.text)
    RCC_GetSYSCLKSource                      0x08001ca9   Thumb Code    10  stm32f10x_rcc.o(.text)
    RCC_HCLKConfig                           0x08001cb3   Thumb Code    14  stm32f10x_rcc.o(.text)
    RCC_PCLK1Config                          0x08001cc1   Thumb Code    14  stm32f10x_rcc.o(.text)
    RCC_PCLK2Config                          0x08001ccf   Thumb Code    16  stm32f10x_rcc.o(.text)
    RCC_ITConfig                             0x08001cdf   Thumb Code    22  stm32f10x_rcc.o(.text)
    RCC_USBCLKConfig                         0x08001cf5   Thumb Code     8  stm32f10x_rcc.o(.text)
    RCC_ADCCLKConfig                         0x08001cfd   Thumb Code    14  stm32f10x_rcc.o(.text)
    RCC_LSEConfig                            0x08001d0b   Thumb Code    36  stm32f10x_rcc.o(.text)
    RCC_LSICmd                               0x08001d2f   Thumb Code     6  stm32f10x_rcc.o(.text)
    RCC_RTCCLKConfig                         0x08001d35   Thumb Code    10  stm32f10x_rcc.o(.text)
    RCC_RTCCLKCmd                            0x08001d3f   Thumb Code     8  stm32f10x_rcc.o(.text)
    RCC_GetClocksFreq                        0x08001d47   Thumb Code   154  stm32f10x_rcc.o(.text)
    RCC_AHBPeriphClockCmd                    0x08001de1   Thumb Code    22  stm32f10x_rcc.o(.text)
    RCC_APB2PeriphClockCmd                   0x08001df7   Thumb Code    22  stm32f10x_rcc.o(.text)
    RCC_APB1PeriphClockCmd                   0x08001e0d   Thumb Code    22  stm32f10x_rcc.o(.text)
    RCC_APB2PeriphResetCmd                   0x08001e23   Thumb Code    22  stm32f10x_rcc.o(.text)
    RCC_APB1PeriphResetCmd                   0x08001e39   Thumb Code    22  stm32f10x_rcc.o(.text)
    RCC_BackupResetCmd                       0x08001e4f   Thumb Code     8  stm32f10x_rcc.o(.text)
    RCC_ClockSecuritySystemCmd               0x08001e57   Thumb Code     6  stm32f10x_rcc.o(.text)
    RCC_MCOConfig                            0x08001e5d   Thumb Code     6  stm32f10x_rcc.o(.text)
    RCC_ClearFlag                            0x08001e63   Thumb Code    12  stm32f10x_rcc.o(.text)
    RCC_GetITStatus                          0x08001e6f   Thumb Code    16  stm32f10x_rcc.o(.text)
    RCC_ClearITPendingBit                    0x08001e7f   Thumb Code     6  stm32f10x_rcc.o(.text)
    USART_DeInit                             0x08001ea5   Thumb Code   144  stm32f10x_usart.o(.text)
    USART_Init                               0x08001f35   Thumb Code   182  stm32f10x_usart.o(.text)
    USART_StructInit                         0x08001feb   Thumb Code    22  stm32f10x_usart.o(.text)
    USART_ClockInit                          0x08002001   Thumb Code    30  stm32f10x_usart.o(.text)
    USART_ClockStructInit                    0x0800201f   Thumb Code    12  stm32f10x_usart.o(.text)
    USART_Cmd                                0x0800202b   Thumb Code    24  stm32f10x_usart.o(.text)
    USART_ITConfig                           0x08002043   Thumb Code    54  stm32f10x_usart.o(.text)
    USART_DMACmd                             0x08002079   Thumb Code    20  stm32f10x_usart.o(.text)
    USART_SetAddress                         0x0800208d   Thumb Code    16  stm32f10x_usart.o(.text)
    USART_WakeUpConfig                       0x0800209d   Thumb Code    16  stm32f10x_usart.o(.text)
    USART_ReceiverWakeUpCmd                  0x080020ad   Thumb Code    24  stm32f10x_usart.o(.text)
    USART_LINBreakDetectLengthConfig         0x080020c5   Thumb Code    16  stm32f10x_usart.o(.text)
    USART_LINCmd                             0x080020d5   Thumb Code    24  stm32f10x_usart.o(.text)
    USART_SendData                           0x080020ed   Thumb Code     8  stm32f10x_usart.o(.text)
    USART_ReceiveData                        0x080020f5   Thumb Code     8  stm32f10x_usart.o(.text)
    USART_SendBreak                          0x080020fd   Thumb Code    10  stm32f10x_usart.o(.text)
    USART_SetGuardTime                       0x08002107   Thumb Code    16  stm32f10x_usart.o(.text)
    USART_SetPrescaler                       0x08002117   Thumb Code    16  stm32f10x_usart.o(.text)
    USART_SmartCardCmd                       0x08002127   Thumb Code    24  stm32f10x_usart.o(.text)
    USART_SmartCardNACKCmd                   0x0800213f   Thumb Code    24  stm32f10x_usart.o(.text)
    USART_HalfDuplexCmd                      0x08002157   Thumb Code    24  stm32f10x_usart.o(.text)
    USART_OverSampling8Cmd                   0x0800216f   Thumb Code    24  stm32f10x_usart.o(.text)
    USART_OneBitMethodCmd                    0x08002187   Thumb Code    24  stm32f10x_usart.o(.text)
    USART_IrDAConfig                         0x0800219f   Thumb Code    16  stm32f10x_usart.o(.text)
    USART_IrDACmd                            0x080021af   Thumb Code    24  stm32f10x_usart.o(.text)
    USART_GetFlagStatus                      0x080021c7   Thumb Code    14  stm32f10x_usart.o(.text)
    USART_ClearFlag                          0x080021d5   Thumb Code     8  stm32f10x_usart.o(.text)
    USART_GetITStatus                        0x080021dd   Thumb Code    64  stm32f10x_usart.o(.text)
    USART_ClearITPendingBit                  0x0800221d   Thumb Code    16  stm32f10x_usart.o(.text)
    TIM_DeInit                               0x08002241   Thumb Code   464  stm32f10x_tim.o(.text)
    TIM_TimeBaseInit                         0x08002411   Thumb Code   114  stm32f10x_tim.o(.text)
    TIM_OC1Init                              0x08002483   Thumb Code   114  stm32f10x_tim.o(.text)
    TIM_OC2Init                              0x080024f5   Thumb Code   128  stm32f10x_tim.o(.text)
    TIM_OC3Init                              0x08002575   Thumb Code   124  stm32f10x_tim.o(.text)
    TIM_OC4Init                              0x080025f1   Thumb Code   160  stm32f10x_tim.o(.text)
    TIM_SetIC4Prescaler                      0x08002691   Thumb Code    24  stm32f10x_tim.o(.text)
    TIM_SetIC3Prescaler                      0x0800270f   Thumb Code    16  stm32f10x_tim.o(.text)
    TIM_SetIC2Prescaler                      0x08002781   Thumb Code    24  stm32f10x_tim.o(.text)
    TIM_SetIC1Prescaler                      0x080027ff   Thumb Code    16  stm32f10x_tim.o(.text)
    TIM_ICInit                               0x0800286d   Thumb Code   114  stm32f10x_tim.o(.text)
    TIM_PWMIConfig                           0x080028df   Thumb Code   106  stm32f10x_tim.o(.text)
    TIM_BDTRConfig                           0x08002949   Thumb Code    34  stm32f10x_tim.o(.text)
    TIM_TimeBaseStructInit                   0x0800296b   Thumb Code    18  stm32f10x_tim.o(.text)
    TIM_OCStructInit                         0x0800297d   Thumb Code    20  stm32f10x_tim.o(.text)
    TIM_ICStructInit                         0x08002991   Thumb Code    16  stm32f10x_tim.o(.text)
    TIM_BDTRStructInit                       0x080029a1   Thumb Code    18  stm32f10x_tim.o(.text)
    TIM_Cmd                                  0x080029b3   Thumb Code    24  stm32f10x_tim.o(.text)
    TIM_CtrlPWMOutputs                       0x080029cb   Thumb Code    28  stm32f10x_tim.o(.text)
    TIM_ITConfig                             0x080029e7   Thumb Code    20  stm32f10x_tim.o(.text)
    TIM_GenerateEvent                        0x080029fb   Thumb Code     4  stm32f10x_tim.o(.text)
    TIM_DMAConfig                            0x080029ff   Thumb Code     8  stm32f10x_tim.o(.text)
    TIM_DMACmd                               0x08002a07   Thumb Code    20  stm32f10x_tim.o(.text)
    TIM_InternalClockConfig                  0x08002a1b   Thumb Code    10  stm32f10x_tim.o(.text)
    TIM_SelectInputTrigger                   0x08002a25   Thumb Code    12  stm32f10x_tim.o(.text)
    TIM_ITRxExternalClockConfig              0x08002a31   Thumb Code    20  stm32f10x_tim.o(.text)
    TIM_TIxExternalClockConfig               0x08002a45   Thumb Code    48  stm32f10x_tim.o(.text)
    TIM_ETRConfig                            0x08002a75   Thumb Code    24  stm32f10x_tim.o(.text)
    TIM_ETRClockMode1Config                  0x08002a8d   Thumb Code    52  stm32f10x_tim.o(.text)
    TIM_ETRClockMode2Config                  0x08002ac1   Thumb Code    20  stm32f10x_tim.o(.text)
    TIM_PrescalerConfig                      0x08002ad5   Thumb Code     6  stm32f10x_tim.o(.text)
    TIM_CounterModeConfig                    0x08002adb   Thumb Code    12  stm32f10x_tim.o(.text)
    TIM_EncoderInterfaceConfig               0x08002ae7   Thumb Code    50  stm32f10x_tim.o(.text)
    TIM_ForcedOC1Config                      0x08002b19   Thumb Code    12  stm32f10x_tim.o(.text)
    TIM_ForcedOC2Config                      0x08002b25   Thumb Code    20  stm32f10x_tim.o(.text)
    TIM_ForcedOC3Config                      0x08002b39   Thumb Code    12  stm32f10x_tim.o(.text)
    TIM_ForcedOC4Config                      0x08002b45   Thumb Code    20  stm32f10x_tim.o(.text)
    TIM_ARRPreloadConfig                     0x08002b59   Thumb Code    24  stm32f10x_tim.o(.text)
    TIM_SelectCOM                            0x08002b71   Thumb Code    24  stm32f10x_tim.o(.text)
    TIM_SelectCCDMA                          0x08002b89   Thumb Code    24  stm32f10x_tim.o(.text)
    TIM_CCPreloadControl                     0x08002ba1   Thumb Code    24  stm32f10x_tim.o(.text)
    TIM_OC1PreloadConfig                     0x08002bb9   Thumb Code    12  stm32f10x_tim.o(.text)
    TIM_OC2PreloadConfig                     0x08002bc5   Thumb Code    20  stm32f10x_tim.o(.text)
    TIM_OC3PreloadConfig                     0x08002bd9   Thumb Code    12  stm32f10x_tim.o(.text)
    TIM_OC4PreloadConfig                     0x08002be5   Thumb Code    20  stm32f10x_tim.o(.text)
    TIM_OC1FastConfig                        0x08002bf9   Thumb Code    12  stm32f10x_tim.o(.text)
    TIM_OC2FastConfig                        0x08002c05   Thumb Code    20  stm32f10x_tim.o(.text)
    TIM_OC3FastConfig                        0x08002c19   Thumb Code    12  stm32f10x_tim.o(.text)
    TIM_OC4FastConfig                        0x08002c25   Thumb Code    20  stm32f10x_tim.o(.text)
    TIM_ClearOC1Ref                          0x08002c39   Thumb Code    12  stm32f10x_tim.o(.text)
    TIM_ClearOC2Ref                          0x08002c45   Thumb Code    20  stm32f10x_tim.o(.text)
    TIM_ClearOC3Ref                          0x08002c59   Thumb Code    12  stm32f10x_tim.o(.text)
    TIM_ClearOC4Ref                          0x08002c65   Thumb Code    20  stm32f10x_tim.o(.text)
    TIM_OC1PolarityConfig                    0x08002c79   Thumb Code    12  stm32f10x_tim.o(.text)
    TIM_OC1NPolarityConfig                   0x08002c85   Thumb Code    12  stm32f10x_tim.o(.text)
    TIM_OC2PolarityConfig                    0x08002c91   Thumb Code    20  stm32f10x_tim.o(.text)
    TIM_OC2NPolarityConfig                   0x08002ca5   Thumb Code    20  stm32f10x_tim.o(.text)
    TIM_OC3PolarityConfig                    0x08002cb9   Thumb Code    20  stm32f10x_tim.o(.text)
    TIM_OC3NPolarityConfig                   0x08002ccd   Thumb Code    20  stm32f10x_tim.o(.text)
    TIM_OC4PolarityConfig                    0x08002ce1   Thumb Code    20  stm32f10x_tim.o(.text)
    TIM_CCxCmd                               0x08002cf5   Thumb Code    22  stm32f10x_tim.o(.text)
    TIM_CCxNCmd                              0x08002d0b   Thumb Code    22  stm32f10x_tim.o(.text)
    TIM_SelectOCxM                           0x08002d21   Thumb Code    76  stm32f10x_tim.o(.text)
    TIM_UpdateDisableConfig                  0x08002d6d   Thumb Code    24  stm32f10x_tim.o(.text)
    TIM_UpdateRequestConfig                  0x08002d85   Thumb Code    24  stm32f10x_tim.o(.text)
    TIM_SelectHallSensor                     0x08002d9d   Thumb Code    24  stm32f10x_tim.o(.text)
    TIM_SelectOnePulseMode                   0x08002db5   Thumb Code    16  stm32f10x_tim.o(.text)
    TIM_SelectOutputTrigger                  0x08002dc5   Thumb Code    16  stm32f10x_tim.o(.text)
    TIM_SelectSlaveMode                      0x08002dd5   Thumb Code    16  stm32f10x_tim.o(.text)
    TIM_SelectMasterSlaveMode                0x08002de5   Thumb Code    16  stm32f10x_tim.o(.text)
    TIM_SetCounter                           0x08002df5   Thumb Code     4  stm32f10x_tim.o(.text)
    TIM_SetAutoreload                        0x08002df9   Thumb Code     4  stm32f10x_tim.o(.text)
    TIM_SetCompare1                          0x08002dfd   Thumb Code     4  stm32f10x_tim.o(.text)
    TIM_SetCompare2                          0x08002e01   Thumb Code     4  stm32f10x_tim.o(.text)
    TIM_SetCompare3                          0x08002e05   Thumb Code     4  stm32f10x_tim.o(.text)
    TIM_SetCompare4                          0x08002e09   Thumb Code     6  stm32f10x_tim.o(.text)
    TIM_SetClockDivision                     0x08002e0f   Thumb Code    16  stm32f10x_tim.o(.text)
    TIM_GetCapture1                          0x08002e1f   Thumb Code     4  stm32f10x_tim.o(.text)
    TIM_GetCapture2                          0x08002e23   Thumb Code     4  stm32f10x_tim.o(.text)
    TIM_GetCapture3                          0x08002e27   Thumb Code     4  stm32f10x_tim.o(.text)
    TIM_GetCapture4                          0x08002e2b   Thumb Code     6  stm32f10x_tim.o(.text)
    TIM_GetCounter                           0x08002e31   Thumb Code     4  stm32f10x_tim.o(.text)
    TIM_GetPrescaler                         0x08002e35   Thumb Code     4  stm32f10x_tim.o(.text)
    TIM_GetFlagStatus                        0x08002e39   Thumb Code    14  stm32f10x_tim.o(.text)
    TIM_ClearFlag                            0x08002e47   Thumb Code     6  stm32f10x_tim.o(.text)
    TIM_GetITStatus                          0x08002e4d   Thumb Code    24  stm32f10x_tim.o(.text)
    TIM_ClearITPendingBit                    0x08002e65   Thumb Code     6  stm32f10x_tim.o(.text)
    __use_no_semihosting                     0x08002e6b   Thumb Code     2  use_no_semi_2.o(.text)
    __aeabi_uldivmod                         0x08002e6d   Thumb Code     0  lludivv7m.o(.text)
    _ll_udiv                                 0x08002e6d   Thumb Code   238  lludivv7m.o(.text)
    __2printf                                0x08002f5d   Thumb Code    20  noretval__2printf.o(.text)
    __2sprintf                               0x08002f75   Thumb Code    34  noretval__2sprintf.o(.text)
    _printf_str                              0x08002f9d   Thumb Code    82  _printf_str.o(.text)
    _printf_int_dec                          0x08002ff1   Thumb Code   104  _printf_dec.o(.text)
    _printf_longlong_dec                     0x08003069   Thumb Code   108  _printf_longlong_dec.o(.text)
    __printf                                 0x080030e5   Thumb Code   352  __printf_ss_wp.o(.text)
    strcpy                                   0x08003245   Thumb Code    72  strcpy.o(.text)
    strcat                                   0x0800328d   Thumb Code    24  strcat.o(.text)
    __aeabi_memcpy4                          0x080032a5   Thumb Code     0  rt_memcpy_w.o(.text)
    __aeabi_memcpy8                          0x080032a5   Thumb Code     0  rt_memcpy_w.o(.text)
    __rt_memcpy_w                            0x080032a5   Thumb Code   100  rt_memcpy_w.o(.text)
    _memcpy_lastbytes_aligned                0x080032ed   Thumb Code     0  rt_memcpy_w.o(.text)
    __aeabi_memclr                           0x08003309   Thumb Code     0  rt_memclr.o(.text)
    __rt_memclr                              0x08003309   Thumb Code    68  rt_memclr.o(.text)
    _memset                                  0x0800330d   Thumb Code     0  rt_memclr.o(.text)
    __aeabi_memclr4                          0x0800334d   Thumb Code     0  rt_memclr_w.o(.text)
    __aeabi_memclr8                          0x0800334d   Thumb Code     0  rt_memclr_w.o(.text)
    __rt_memclr_w                            0x0800334d   Thumb Code    78  rt_memclr_w.o(.text)
    _memset_w                                0x08003351   Thumb Code     0  rt_memclr_w.o(.text)
    __use_two_region_memory                  0x0800339b   Thumb Code     2  heapauxi.o(.text)
    __rt_heap_escrow$2region                 0x0800339d   Thumb Code     2  heapauxi.o(.text)
    __rt_heap_expand$2region                 0x0800339f   Thumb Code     2  heapauxi.o(.text)
    __I$use$semihosting                      0x080033a1   Thumb Code     0  use_no_semi.o(.text)
    __use_no_semihosting_swi                 0x080033a1   Thumb Code     2  use_no_semi.o(.text)
    _ll_udiv10                               0x080033a3   Thumb Code   138  lludiv10.o(.text)
    _printf_int_common                       0x0800342d   Thumb Code   178  _printf_intcommon.o(.text)
    _printf_char_common                      0x080034eb   Thumb Code    32  _printf_char_common.o(.text)
    _sputc                                   0x08003511   Thumb Code    10  _sputc.o(.text)
    _printf_cs_common                        0x0800351b   Thumb Code    20  _printf_char.o(.text)
    _printf_char                             0x0800352f   Thumb Code    16  _printf_char.o(.text)
    _printf_string                           0x0800353f   Thumb Code     8  _printf_char.o(.text)
    _printf_char_file                        0x08003549   Thumb Code    32  _printf_char_file.o(.text)
    ferror                                   0x0800356d   Thumb Code     8  ferror.o(.text)
    __user_setup_stackheap                   0x08003575   Thumb Code    74  sys_stackheap_outer.o(.text)
    exit                                     0x080035bf   Thumb Code    18  exit.o(.text)
    __user_libspace                          0x080035d1   Thumb Code     8  libspace.o(.text)
    __user_perproc_libspace                  0x080035d1   Thumb Code     0  libspace.o(.text)
    __user_perthread_libspace                0x080035d1   Thumb Code     0  libspace.o(.text)
    _is_digit                                0x080035d9   Thumb Code    14  __printf_wp.o(i._is_digit)
    F6x8                                     0x080035e6   Data         552  oled.o(.constdata)
    F8X16                                    0x0800380e   Data        1520  oled.o(.constdata)
    Hzk                                      0x08003dfe   Data         448  oled.o(.constdata)
    Region$$Table$$Base                      0x08004010   Number         0  anon$$obj.o(Region$$Table)
    Region$$Table$$Limit                     0x08004030   Number         0  anon$$obj.o(Region$$Table)
    SystemCoreClock                          0x20000000   Data           4  system_stm32f10x.o(.data)
    AHBPrescTable                            0x20000004   Data          16  system_stm32f10x.o(.data)
    DHT11Data                                0x20000014   Data           5  dht11.o(.data)
    open_flage                               0x20000020   Data           1  app.o(.data)
    add_flage                                0x20000021   Data           1  app.o(.data)
    err_flage                                0x20000022   Data           1  app.o(.data)
    max_num                                  0x20000024   Data           2  app.o(.data)
    Data_Arr                                 0x20000026   Data           8  app.o(.data)
    old_open_time                            0x20000030   Data           8  app.o(.data)
    open_time                                0x20000038   Data           8  app.o(.data)
    __stdout                                 0x20000064   Data           4  usart.o(.data)
    btn1                                     0x20000100   Data          40  key.o(.bss)
    __libspace_start                         0x20000128   Data          96  libspace.o(.bss)
    __temporary_stack_top$libspace           0x20000188   Data           0  libspace.o(.bss)



==============================================================================

Memory Map of the image

  Image Entry point : 0x08000131

  Load Region LR_IROM1 (Base: 0x08000000, Size: 0x000040ac, Max: 0x00010000, ABSOLUTE)

    Execution Region ER_IROM1 (Exec base: 0x08000000, Load base: 0x08000000, Size: 0x00004030, Max: 0x00010000, ABSOLUTE)

    Exec Addr    Load Addr    Size         Type   Attr      Idx    E Section Name        Object

    0x08000000   0x08000000   0x00000130   Data   RO          404    RESET               startup_stm32f10x_hd.o
    0x08000130   0x08000130   0x00000008   Code   RO          529  * !!!main             c_w.l(__main.o)
    0x08000138   0x08000138   0x00000034   Code   RO          714    !!!scatter          c_w.l(__scatter.o)
    0x0800016c   0x0800016c   0x0000001a   Code   RO          716    !!handler_copy      c_w.l(__scatter_copy.o)
    0x08000186   0x08000186   0x00000002   PAD
    0x08000188   0x08000188   0x0000001c   Code   RO          718    !!handler_zi        c_w.l(__scatter_zi.o)
    0x080001a4   0x080001a4   0x00000000   Code   RO          515    .ARM.Collect$$_printf_percent$$00000000  c_w.l(_printf_percent.o)
    0x080001a4   0x080001a4   0x0000000a   Code   RO          551    .ARM.Collect$$_printf_percent$$00000007  c_w.l(_printf_ll.o)
    0x080001ae   0x080001ae   0x00000006   Code   RO          514    .ARM.Collect$$_printf_percent$$00000009  c_w.l(_printf_d.o)
    0x080001b4   0x080001b4   0x00000006   Code   RO          516    .ARM.Collect$$_printf_percent$$0000000E  c_w.l(_printf_lld.o)
    0x080001ba   0x080001ba   0x00000006   Code   RO          513    .ARM.Collect$$_printf_percent$$00000014  c_w.l(_printf_s.o)
    0x080001c0   0x080001c0   0x00000004   Code   RO          550    .ARM.Collect$$_printf_percent$$00000017  c_w.l(_printf_percent_end.o)
    0x080001c4   0x080001c4   0x00000002   Code   RO          588    .ARM.Collect$$libinit$$00000000  c_w.l(libinit.o)
    0x080001c6   0x080001c6   0x00000000   Code   RO          601    .ARM.Collect$$libinit$$00000002  c_w.l(libinit2.o)
    0x080001c6   0x080001c6   0x00000000   Code   RO          603    .ARM.Collect$$libinit$$00000004  c_w.l(libinit2.o)
    0x080001c6   0x080001c6   0x00000000   Code   RO          606    .ARM.Collect$$libinit$$0000000A  c_w.l(libinit2.o)
    0x080001c6   0x080001c6   0x00000000   Code   RO          608    .ARM.Collect$$libinit$$0000000C  c_w.l(libinit2.o)
    0x080001c6   0x080001c6   0x00000000   Code   RO          610    .ARM.Collect$$libinit$$0000000E  c_w.l(libinit2.o)
    0x080001c6   0x080001c6   0x00000000   Code   RO          613    .ARM.Collect$$libinit$$00000011  c_w.l(libinit2.o)
    0x080001c6   0x080001c6   0x00000000   Code   RO          615    .ARM.Collect$$libinit$$00000013  c_w.l(libinit2.o)
    0x080001c6   0x080001c6   0x00000000   Code   RO          617    .ARM.Collect$$libinit$$00000015  c_w.l(libinit2.o)
    0x080001c6   0x080001c6   0x00000000   Code   RO          619    .ARM.Collect$$libinit$$00000017  c_w.l(libinit2.o)
    0x080001c6   0x080001c6   0x00000000   Code   RO          621    .ARM.Collect$$libinit$$00000019  c_w.l(libinit2.o)
    0x080001c6   0x080001c6   0x00000000   Code   RO          623    .ARM.Collect$$libinit$$0000001B  c_w.l(libinit2.o)
    0x080001c6   0x080001c6   0x00000000   Code   RO          625    .ARM.Collect$$libinit$$0000001D  c_w.l(libinit2.o)
    0x080001c6   0x080001c6   0x00000000   Code   RO          627    .ARM.Collect$$libinit$$0000001F  c_w.l(libinit2.o)
    0x080001c6   0x080001c6   0x00000000   Code   RO          629    .ARM.Collect$$libinit$$00000021  c_w.l(libinit2.o)
    0x080001c6   0x080001c6   0x00000000   Code   RO          631    .ARM.Collect$$libinit$$00000023  c_w.l(libinit2.o)
    0x080001c6   0x080001c6   0x00000000   Code   RO          633    .ARM.Collect$$libinit$$00000025  c_w.l(libinit2.o)
    0x080001c6   0x080001c6   0x00000000   Code   RO          637    .ARM.Collect$$libinit$$0000002C  c_w.l(libinit2.o)
    0x080001c6   0x080001c6   0x00000000   Code   RO          639    .ARM.Collect$$libinit$$0000002E  c_w.l(libinit2.o)
    0x080001c6   0x080001c6   0x00000000   Code   RO          641    .ARM.Collect$$libinit$$00000030  c_w.l(libinit2.o)
    0x080001c6   0x080001c6   0x00000000   Code   RO          643    .ARM.Collect$$libinit$$00000032  c_w.l(libinit2.o)
    0x080001c6   0x080001c6   0x00000002   Code   RO          644    .ARM.Collect$$libinit$$00000033  c_w.l(libinit2.o)
    0x080001c8   0x080001c8   0x00000002   Code   RO          670    .ARM.Collect$$libshutdown$$00000000  c_w.l(libshutdown.o)
    0x080001ca   0x080001ca   0x00000000   Code   RO          697    .ARM.Collect$$libshutdown$$00000002  c_w.l(libshutdown2.o)
    0x080001ca   0x080001ca   0x00000000   Code   RO          699    .ARM.Collect$$libshutdown$$00000004  c_w.l(libshutdown2.o)
    0x080001ca   0x080001ca   0x00000000   Code   RO          702    .ARM.Collect$$libshutdown$$00000007  c_w.l(libshutdown2.o)
    0x080001ca   0x080001ca   0x00000000   Code   RO          705    .ARM.Collect$$libshutdown$$0000000A  c_w.l(libshutdown2.o)
    0x080001ca   0x080001ca   0x00000000   Code   RO          707    .ARM.Collect$$libshutdown$$0000000C  c_w.l(libshutdown2.o)
    0x080001ca   0x080001ca   0x00000000   Code   RO          710    .ARM.Collect$$libshutdown$$0000000F  c_w.l(libshutdown2.o)
    0x080001ca   0x080001ca   0x00000002   Code   RO          711    .ARM.Collect$$libshutdown$$00000010  c_w.l(libshutdown2.o)
    0x080001cc   0x080001cc   0x00000000   Code   RO          533    .ARM.Collect$$rtentry$$00000000  c_w.l(__rtentry.o)
    0x080001cc   0x080001cc   0x00000000   Code   RO          553    .ARM.Collect$$rtentry$$00000002  c_w.l(__rtentry2.o)
    0x080001cc   0x080001cc   0x00000006   Code   RO          565    .ARM.Collect$$rtentry$$00000004  c_w.l(__rtentry4.o)
    0x080001d2   0x080001d2   0x00000000   Code   RO          555    .ARM.Collect$$rtentry$$00000009  c_w.l(__rtentry2.o)
    0x080001d2   0x080001d2   0x00000004   Code   RO          556    .ARM.Collect$$rtentry$$0000000A  c_w.l(__rtentry2.o)
    0x080001d6   0x080001d6   0x00000000   Code   RO          558    .ARM.Collect$$rtentry$$0000000C  c_w.l(__rtentry2.o)
    0x080001d6   0x080001d6   0x00000008   Code   RO          559    .ARM.Collect$$rtentry$$0000000D  c_w.l(__rtentry2.o)
    0x080001de   0x080001de   0x00000002   Code   RO          592    .ARM.Collect$$rtexit$$00000000  c_w.l(rtexit.o)
    0x080001e0   0x080001e0   0x00000000   Code   RO          646    .ARM.Collect$$rtexit$$00000002  c_w.l(rtexit2.o)
    0x080001e0   0x080001e0   0x00000004   Code   RO          647    .ARM.Collect$$rtexit$$00000003  c_w.l(rtexit2.o)
    0x080001e4   0x080001e4   0x00000006   Code   RO          648    .ARM.Collect$$rtexit$$00000004  c_w.l(rtexit2.o)
    0x080001ea   0x080001ea   0x0000000a   Code   RO            1    .text               main.o
    0x080001f4   0x080001f4   0x00000012   Code   RO          144    .text               stm32f10x_it.o
    0x08000206   0x08000206   0x00000002   PAD
    0x08000208   0x08000208   0x00000174   Code   RO          185    .text               system_stm32f10x.o
    0x0800037c   0x0800037c   0x000001e8   Code   RO          215    .text               blu.o
    0x08000564   0x08000564   0x00000578   Code   RO          229    .text               oled.o
    0x08000adc   0x08000adc   0x000001b0   Code   RO          248    .text               dht11.o
    0x08000c8c   0x08000c8c   0x00000048   Code   RO          266    .text               lock.o
    0x08000cd4   0x08000cd4   0x0000045c   Code   RO          278    .text               app.o
    0x08001130   0x08001130   0x000003ec   Code   RO          296    .text               key.o
    0x0800151c   0x0800151c   0x0000010c   Code   RO          326    .text               timer.o
    0x08001628   0x08001628   0x00000098   Code   RO          340    .text               delay.o
    0x080016c0   0x080016c0   0x00000160   Code   RO          371    .text               usart.o
    0x08001820   0x08001820   0x00000040   Code   RO          405    .text               startup_stm32f10x_hd.o
    0x08001860   0x08001860   0x000000b8   Code   RO          409    .text               misc.o
    0x08001918   0x08001918   0x00000298   Code   RO          421    .text               stm32f10x_gpio.o
    0x08001bb0   0x08001bb0   0x000002f4   Code   RO          433    .text               stm32f10x_rcc.o
    0x08001ea4   0x08001ea4   0x0000039c   Code   RO          447    .text               stm32f10x_usart.o
    0x08002240   0x08002240   0x00000c2a   Code   RO          459    .text               stm32f10x_tim.o
    0x08002e6a   0x08002e6a   0x00000002   Code   RO          473    .text               c_w.l(use_no_semi_2.o)
    0x08002e6c   0x08002e6c   0x000000ee   Code   RO          475    .text               c_w.l(lludivv7m.o)
    0x08002f5a   0x08002f5a   0x00000002   PAD
    0x08002f5c   0x08002f5c   0x00000018   Code   RO          481    .text               c_w.l(noretval__2printf.o)
    0x08002f74   0x08002f74   0x00000028   Code   RO          483    .text               c_w.l(noretval__2sprintf.o)
    0x08002f9c   0x08002f9c   0x00000052   Code   RO          487    .text               c_w.l(_printf_str.o)
    0x08002fee   0x08002fee   0x00000002   PAD
    0x08002ff0   0x08002ff0   0x00000078   Code   RO          489    .text               c_w.l(_printf_dec.o)
    0x08003068   0x08003068   0x0000007c   Code   RO          491    .text               c_w.l(_printf_longlong_dec.o)
    0x080030e4   0x080030e4   0x00000160   Code   RO          508    .text               c_w.l(__printf_ss_wp.o)
    0x08003244   0x08003244   0x00000048   Code   RO          517    .text               c_w.l(strcpy.o)
    0x0800328c   0x0800328c   0x00000018   Code   RO          519    .text               c_w.l(strcat.o)
    0x080032a4   0x080032a4   0x00000064   Code   RO          521    .text               c_w.l(rt_memcpy_w.o)
    0x08003308   0x08003308   0x00000044   Code   RO          523    .text               c_w.l(rt_memclr.o)
    0x0800334c   0x0800334c   0x0000004e   Code   RO          525    .text               c_w.l(rt_memclr_w.o)
    0x0800339a   0x0800339a   0x00000006   Code   RO          527    .text               c_w.l(heapauxi.o)
    0x080033a0   0x080033a0   0x00000002   Code   RO          531    .text               c_w.l(use_no_semi.o)
    0x080033a2   0x080033a2   0x0000008a   Code   RO          538    .text               c_w.l(lludiv10.o)
    0x0800342c   0x0800342c   0x000000b2   Code   RO          540    .text               c_w.l(_printf_intcommon.o)
    0x080034de   0x080034de   0x00000002   PAD
    0x080034e0   0x080034e0   0x00000030   Code   RO          542    .text               c_w.l(_printf_char_common.o)
    0x08003510   0x08003510   0x0000000a   Code   RO          544    .text               c_w.l(_sputc.o)
    0x0800351a   0x0800351a   0x0000002c   Code   RO          546    .text               c_w.l(_printf_char.o)
    0x08003546   0x08003546   0x00000002   PAD
    0x08003548   0x08003548   0x00000024   Code   RO          548    .text               c_w.l(_printf_char_file.o)
    0x0800356c   0x0800356c   0x00000008   Code   RO          571    .text               c_w.l(ferror.o)
    0x08003574   0x08003574   0x0000004a   Code   RO          575    .text               c_w.l(sys_stackheap_outer.o)
    0x080035be   0x080035be   0x00000012   Code   RO          577    .text               c_w.l(exit.o)
    0x080035d0   0x080035d0   0x00000008   Code   RO          589    .text               c_w.l(libspace.o)
    0x080035d8   0x080035d8   0x0000000e   Code   RO          503    i._is_digit         c_w.l(__printf_wp.o)
    0x080035e6   0x080035e6   0x000009d8   Data   RO          230    .constdata          oled.o
    0x08003fbe   0x08003fbe   0x00000002   PAD
    0x08003fc0   0x08003fc0   0x00000028   Data   RO          372    .constdata          usart.o
    0x08003fe8   0x08003fe8   0x00000027   Data   RO          373    .conststring        usart.o
    0x0800400f   0x0800400f   0x00000001   PAD
    0x08004010   0x08004010   0x00000020   Data   RO          712    Region$$Table       anon$$obj.o


    Execution Region RW_IRAM1 (Exec base: 0x20000000, Load base: 0x08004030, Size: 0x00000788, Max: 0x00005000, ABSOLUTE)

    Exec Addr    Load Addr    Size         Type   Attr      Idx    E Section Name        Object

    0x20000000   0x08004030   0x00000014   Data   RW          186    .data               system_stm32f10x.o
    0x20000014   0x08004044   0x00000005   Data   RW          249    .data               dht11.o
    0x20000019   0x08004049   0x00000007   PAD
    0x20000020   0x08004050   0x00000028   Data   RW          279    .data               app.o
    0x20000048   0x08004078   0x00000004   Data   RW          298    .data               key.o
    0x2000004c   0x0800407c   0x00000004   PAD
    0x20000050   0x08004080   0x00000010   Data   RW          327    .data               timer.o
    0x20000060   0x08004090   0x00000004   Data   RW          341    .data               delay.o
    0x20000064   0x08004094   0x00000004   Data   RW          374    .data               usart.o
    0x20000068   0x08004098   0x00000014   Data   RW          434    .data               stm32f10x_rcc.o
    0x2000007c        -       0x00000084   Zero   RW          216    .bss                blu.o
    0x20000100        -       0x00000028   Zero   RW          297    .bss                key.o
    0x20000128        -       0x00000060   Zero   RW          590    .bss                c_w.l(libspace.o)
    0x20000188        -       0x00000200   Zero   RW          403    HEAP                startup_stm32f10x_hd.o
    0x20000388        -       0x00000400   Zero   RW          402    STACK               startup_stm32f10x_hd.o


==============================================================================

Image component sizes


      Code (inc. data)   RO Data    RW Data    ZI Data      Debug   Object Name

      1116        240          0         40          0       2356   app.o
       488         12          0          0        132       2588   blu.o
       152         14          0          4          0       1043   delay.o
       432          4          0          5          0       3461   dht11.o
      1004         36          0          4         40       5441   key.o
        72          8          0          0          0        604   lock.o
        10          0          0          0          0     252315   main.o
       184         12          0          0          0       1945   misc.o
      1400         20       2520          0          0       6932   oled.o
        64         26        304          0       1536        788   startup_stm32f10x_hd.o
       664         36          0          0          0       6233   stm32f10x_gpio.o
        18          0          0          0          0       1162   stm32f10x_it.o
       756         32          0         20          0       9364   stm32f10x_rcc.o
      3114         84          0          0          0      25124   stm32f10x_tim.o
       924         20          0          0          0       9188   stm32f10x_usart.o
         0          0          0          0          0         32   sys.o
       372         34          0         20          0       1783   system_stm32f10x.o
       268         14          0         16          0       1561   timer.o
       352         38         79          4          0       3402   usart.o

    ----------------------------------------------------------------------
     11392        630       2938        124       1708     335322   Object Totals
         0          0         32          0          0          0   (incl. Generated)
         2          0          3         11          0          0   (incl. Padding)

    ----------------------------------------------------------------------

      Code (inc. data)   RO Data    RW Data    ZI Data      Debug   Library Member Name

         8          0          0          0          0         68   __main.o
       352          0          0          0          0         88   __printf_ss_wp.o
        14          0          0          0          0         68   __printf_wp.o
         0          0          0          0          0          0   __rtentry.o
        12          0          0          0          0          0   __rtentry2.o
         6          0          0          0          0          0   __rtentry4.o
        52          8          0          0          0          0   __scatter.o
        26          0          0          0          0          0   __scatter_copy.o
        28          0          0          0          0          0   __scatter_zi.o
        44          0          0          0          0        108   _printf_char.o
        48          6          0          0          0         96   _printf_char_common.o
        36          4          0          0          0         80   _printf_char_file.o
         6          0          0          0          0          0   _printf_d.o
       120         16          0          0          0         92   _printf_dec.o
       178          0          0          0          0         88   _printf_intcommon.o
        10          0          0          0          0          0   _printf_ll.o
         6          0          0          0          0          0   _printf_lld.o
       124         16          0          0          0         92   _printf_longlong_dec.o
         0          0          0          0          0          0   _printf_percent.o
         4          0          0          0          0          0   _printf_percent_end.o
         6          0          0          0          0          0   _printf_s.o
        82          0          0          0          0         80   _printf_str.o
        10          0          0          0          0         68   _sputc.o
        18          0          0          0          0         80   exit.o
         8          0          0          0          0         68   ferror.o
         6          0          0          0          0        152   heapauxi.o
         2          0          0          0          0          0   libinit.o
         2          0          0          0          0          0   libinit2.o
         2          0          0          0          0          0   libshutdown.o
         2          0          0          0          0          0   libshutdown2.o
         8          4          0          0         96         68   libspace.o
       138          0          0          0          0         80   lludiv10.o
       238          0          0          0          0        100   lludivv7m.o
        24          4          0          0          0         84   noretval__2printf.o
        40          6          0          0          0         84   noretval__2sprintf.o
        68          0          0          0          0         68   rt_memclr.o
        78          0          0          0          0         80   rt_memclr_w.o
       100          0          0          0          0         80   rt_memcpy_w.o
         2          0          0          0          0          0   rtexit.o
        10          0          0          0          0          0   rtexit2.o
        24          0          0          0          0         68   strcat.o
        72          0          0          0          0         80   strcpy.o
        74          0          0          0          0         80   sys_stackheap_outer.o
         2          0          0          0          0         68   use_no_semi.o
         2          0          0          0          0         68   use_no_semi_2.o

    ----------------------------------------------------------------------
      2102         64          0          0         96       2236   Library Totals
        10          0          0          0          0          0   (incl. Padding)

    ----------------------------------------------------------------------

      Code (inc. data)   RO Data    RW Data    ZI Data      Debug   Library Name

      2092         64          0          0         96       2236   c_w.l

    ----------------------------------------------------------------------
      2102         64          0          0         96       2236   Library Totals

    ----------------------------------------------------------------------

==============================================================================


      Code (inc. data)   RO Data    RW Data    ZI Data      Debug   

     13494        694       2938        124       1804     334694   Grand Totals
     13494        694       2938        124       1804     334694   ELF Image Totals
     13494        694       2938        124          0          0   ROM Totals

==============================================================================

    Total RO  Size (Code + RO Data)                16432 (  16.05kB)
    Total RW  Size (RW Data + ZI Data)              1928 (   1.88kB)
    Total ROM Size (Code + RO Data + RW Data)      16556 (  16.17kB)

==============================================================================

